title                    	
A/Anser_albifrons/Hubei/C	
A/chicken/Jiangxi/04.01_N	
A/chicken/Taiwan/01174/20	
A/chicken/Taiwan/a174/201	
A/chicken/Yuhang/1/2013|E	
A/chicken/Yuhang/2/2013|E	
A/duck/Chongqing/S4362/20	
A/Duck/Dongting/D76-1/201	
A/duck/Eastern_China/008/	
A/duck/Eastern_China/031/	
A/duck/Guangdong/wy11/200	
A/duck/Guangdong/wy19/200	
A/duck/Guangdong/wy24/200	
A/duck/Kaohsiung/15WB3298	
A/duck/Kaohsiung/20WB0242	
A/duck/Liaoning/LN/2011|E	
A/duck/Pingtung/15010180/	
A/duck/Tainan/16WB3443-15	
A/duck/Taipei/18WB0120-1-	
A/duck/Taipei/19WB0235-14	
A/goose/Guangdong/k0103/2	
A/goose/Taiwan/01038/2015	
A/heron/Kaohsiung/15WB328	
A/quail/Jiangsu/k0104/201	
A/wild_bird/Eastern_China	
A/wild_bird/Eastern_China	
A/wild_bird/Eastern_China	
A/wild_duck/Hunan/12.28_D	
A/Bulbul/Taiwan/01156/201	
A/Duck/Dongting/D76-1/201	
A/chicken/Taiwan/01174/20	
A/chicken/Yuhang/1/2013_H	
A/chicken/Yuhang/2/2013_H	
A/duck/Chongqing/S4362/20	
A/duck/Eastern_China/008/	
A/duck/Eastern_China/031/	
A/duck/Guangdong/wy11/200	
A/duck/Guangdong/wy19/200	
A/duck/Guangdong/wy24/200	
A/duck/HuBei/03/2010_H5N5	
A/duck/Kaohsiung/15WB3298	
A/duck/Kaohsiung/20WB0242	
A/duck/Liaoning/LN/2011_H	
A/duck/Pingtung/15010180/	
A/duck/Tainan/16WB3443-15	
A/duck/Taipei/18WB0120-1-	
A/duck/Taipei/19WB0235-14	
A/goose/Guangdong/k0103/2	
A/goose/Hong_Kong/23/1978	
A/goose/Taiwan/01038/2015	
A/heron/Kaohsiung/15WB328	
A/quail/Jiangsu/k0104/201	
A/wild_bird/Eastern_China	
A/wild_bird/Eastern_China	
A/wild_bird/Eastern_China	
A/Anser_albifrons/Hubei/C	
A/chicken/Jiangxi/04.01_N	
A/chicken/Taiwan/01174/20	
A/chicken/Taiwan/a174/201	
A/chicken/Yuhang/1/2013|E	
A/chicken/Yuhang/2/2013|E	
A/duck/Chongqing/S4362/20	
A/Duck/Dongting/D76-1/201	
A/duck/Eastern_China/008/	
A/duck/Eastern_China/031/	
A/duck/Guangdong/wy11/200	
A/duck/Guangdong/wy19/200	
A/duck/Guangdong/wy24/200	
A/duck/Kaohsiung/15WB3298	
A/duck/Kaohsiung/20WB0242	
A/duck/Liaoning/LN/2011|E	
A/duck/Pingtung/15010180/	
A/duck/Tainan/16WB3443-15	
A/duck/Taipei/18WB0120-1-	
A/duck/Taipei/19WB0235-14	
A/goose/Guangdong/k0103/2	
A/goose/Taiwan/01038/2015	
A/heron/Kaohsiung/15WB328	
A/quail/Jiangsu/k0104/201	
A/wild_bird/Eastern_China	
A/wild_bird/Eastern_China	
A/wild_bird/Eastern_China	
A/wild_duck/Hunan/12.28_D	
A/Bulbul/Taiwan/01156/201	
A/Duck/Dongting/D76-1/201	
A/chicken/Taiwan/01174/20	
A/chicken/Yuhang/1/2013_H	
A/chicken/Yuhang/2/2013_H	
A/duck/Chongqing/S4362/20	
A/duck/Eastern_China/008/	
A/duck/Eastern_China/031/	
A/duck/Guangdong/wy11/200	
A/duck/Guangdong/wy19/200	
A/duck/Guangdong/wy24/200	
A/duck/HuBei/03/2010_H5N5	
A/duck/Kaohsiung/15WB3298	
A/duck/Kaohsiung/20WB0242	
A/duck/Liaoning/LN/2011_H	
A/duck/Pingtung/15010180/	
A/duck/Tainan/16WB3443-15	
A/duck/Taipei/18WB0120-1-	
A/duck/Taipei/19WB0235-14	
A/goose/Guangdong/k0103/2	
A/goose/Hong_Kong/23/1978	
A/goose/Taiwan/01038/2015	
A/heron/Kaohsiung/15WB328	
A/quail/Jiangsu/k0104/201	
A/wild_bird/Eastern_China	
A/wild_bird/Eastern_China	
A/wild_bird/Eastern_China	
A/Anser_albifrons/Hubei/C	
A/chicken/Jiangxi/04.01_N	
A/chicken/Taiwan/01174/20	
A/chicken/Taiwan/a174/201	
A/chicken/Yuhang/1/2013|E	
A/chicken/Yuhang/2/2013|E	
A/duck/Chongqing/S4362/20	
A/Duck/Dongting/D76-1/201	
A/duck/Eastern_China/008/	
A/duck/Eastern_China/031/	
A/duck/Guangdong/wy11/200	
A/duck/Guangdong/wy19/200	
A/duck/Guangdong/wy24/200	
A/duck/Kaohsiung/15WB3298	
A/duck/Kaohsiung/20WB0242	
A/duck/Liaoning/LN/2011|E	
A/duck/Pingtung/15010180/	
A/duck/Tainan/16WB3443-15	
A/duck/Taipei/18WB0120-1-	
A/duck/Taipei/19WB0235-14	
A/goose/Guangdong/k0103/2	
A/goose/Taiwan/01038/2015	
A/heron/Kaohsiung/15WB328	
A/quail/Jiangsu/k0104/201	
A/wild_bird/Eastern_China	
A/wild_bird/Eastern_China	
A/wild_bird/Eastern_China	
A/wild_duck/Hunan/12.28_D	
A/Bulbul/Taiwan/01156/201	
A/Duck/Dongting/D76-1/201	
A/chicken/Taiwan/01174/20	
A/chicken/Yuhang/1/2013_H	
A/chicken/Yuhang/2/2013_H	
A/duck/Chongqing/S4362/20	
A/duck/Eastern_China/008/	
A/duck/Eastern_China/031/	
A/duck/Guangdong/wy11/200	
A/duck/Guangdong/wy19/200	
A/duck/Guangdong/wy24/200	
A/duck/HuBei/03/2010_H5N5	
A/duck/Kaohsiung/15WB3298	
A/duck/Kaohsiung/20WB0242	
A/duck/Liaoning/LN/2011_H	
A/duck/Pingtung/15010180/	
A/duck/Tainan/16WB3443-15	
A/duck/Taipei/18WB0120-1-	
A/duck/Taipei/19WB0235-14	
A/goose/Guangdong/k0103/2	
A/goose/Hong_Kong/23/1978	
A/goose/Taiwan/01038/2015	
A/heron/Kaohsiung/15WB328	
A/quail/Jiangsu/k0104/201	
A/wild_bird/Eastern_China	
A/wild_bird/Eastern_China	
A/wild_bird/Eastern_China	
A/Anser_albifrons/Hubei/C	
A/chicken/Jiangxi/04.01_N	
A/chicken/Taiwan/01174/20	
A/chicken/Taiwan/a174/201	
A/chicken/Yuhang/1/2013|E	
A/chicken/Yuhang/2/2013|E	
A/duck/Chongqing/S4362/20	
A/Duck/Dongting/D76-1/201	
A/duck/Eastern_China/008/	
A/duck/Eastern_China/031/	
A/duck/Guangdong/wy11/200	
A/duck/Guangdong/wy19/200	
A/duck/Guangdong/wy24/200	
A/duck/Kaohsiung/15WB3298	
A/duck/Kaohsiung/20WB0242	
A/duck/Liaoning/LN/2011|E	
A/duck/Pingtung/15010180/	
A/duck/Tainan/16WB3443-15	
A/duck/Taipei/18WB0120-1-	
A/duck/Taipei/19WB0235-14	
A/goose/Guangdong/k0103/2	
A/goose/Taiwan/01038/2015	
A/heron/Kaohsiung/15WB328	
A/quail/Jiangsu/k0104/201	
A/wild_bird/Eastern_China	
A/wild_bird/Eastern_China	
A/wild_bird/Eastern_China	
A/wild_duck/Hunan/12.28_D	
A/Bulbul/Taiwan/01156/201	
A/Duck/Dongting/D76-1/201	
A/chicken/Taiwan/01174/20	
A/chicken/Yuhang/1/2013_H	
A/chicken/Yuhang/2/2013_H	
A/duck/Chongqing/S4362/20	
A/duck/Eastern_China/008/	
A/duck/Eastern_China/031/	
A/duck/Guangdong/wy11/200	
A/duck/Guangdong/wy19/200	
A/duck/Guangdong/wy24/200	
A/duck/HuBei/03/2010_H5N5	
A/duck/Kaohsiung/15WB3298	
A/duck/Kaohsiung/20WB0242	
A/duck/Liaoning/LN/2011_H	
A/duck/Pingtung/15010180/	
A/duck/Tainan/16WB3443-15	
A/duck/Taipei/18WB0120-1-	
A/duck/Taipei/19WB0235-14	
A/goose/Guangdong/k0103/2	
A/goose/Hong_Kong/23/1978	
A/goose/Taiwan/01038/2015	
A/heron/Kaohsiung/15WB328	
A/quail/Jiangsu/k0104/201	
A/wild_bird/Eastern_China	
A/wild_bird/Eastern_China	
A/wild_bird/Eastern_China	
A/Anser_albifrons/Hubei/C	
A/chicken/Jiangxi/04.01_N	
A/chicken/Taiwan/01174/20	
A/chicken/Taiwan/a174/201	
A/chicken/Yuhang/1/2013|E	
A/chicken/Yuhang/2/2013|E	
A/duck/Chongqing/S4362/20	
A/Duck/Dongting/D76-1/201	
A/duck/Eastern_China/008/	
A/duck/Eastern_China/031/	
A/duck/Guangdong/wy11/200	
A/duck/Guangdong/wy19/200	
A/duck/Guangdong/wy24/200	
A/duck/Kaohsiung/15WB3298	
A/duck/Kaohsiung/20WB0242	
A/duck/Liaoning/LN/2011|E	
A/duck/Pingtung/15010180/	
A/duck/Tainan/16WB3443-15	
A/duck/Taipei/18WB0120-1-	
A/duck/Taipei/19WB0235-14	
A/goose/Guangdong/k0103/2	
A/goose/Taiwan/01038/2015	
A/heron/Kaohsiung/15WB328	
A/quail/Jiangsu/k0104/201	
A/wild_bird/Eastern_China	
A/wild_bird/Eastern_China	
A/wild_bird/Eastern_China	
A/wild_duck/Hunan/12.28_D	
A/Bulbul/Taiwan/01156/201	
A/Duck/Dongting/D76-1/201	
A/chicken/Taiwan/01174/20	
A/chicken/Yuhang/1/2013_H	
A/chicken/Yuhang/2/2013_H	
A/duck/Chongqing/S4362/20	
A/duck/Eastern_China/008/	
A/duck/Eastern_China/031/	
A/duck/Guangdong/wy11/200	
A/duck/Guangdong/wy19/200	
A/duck/Guangdong/wy24/200	
A/duck/HuBei/03/2010_H5N5	
A/duck/Kaohsiung/15WB3298	
A/duck/Kaohsiung/20WB0242	
A/duck/Liaoning/LN/2011_H	
A/duck/Pingtung/15010180/	
A/duck/Tainan/16WB3443-15	
A/duck/Taipei/18WB0120-1-	
A/duck/Taipei/19WB0235-14	
A/goose/Guangdong/k0103/2	
A/goose/Hong_Kong/23/1978	
A/goose/Taiwan/01038/2015	
A/heron/Kaohsiung/15WB328	
A/quail/Jiangsu/k0104/201	
A/wild_bird/Eastern_China	
A/wild_bird/Eastern_China	
A/wild_bird/Eastern_China	
A/Anser_albifrons/Hubei/C	
A/chicken/Jiangxi/04.01_N	
A/chicken/Taiwan/01174/20	
A/chicken/Taiwan/a174/201	
A/chicken/Yuhang/1/2013|E	
A/chicken/Yuhang/2/2013|E	
A/duck/Chongqing/S4362/20	
A/Duck/Dongting/D76-1/201	
A/duck/Eastern_China/008/	
A/duck/Eastern_China/031/	
A/duck/Guangdong/wy11/200	
A/duck/Guangdong/wy19/200	
A/duck/Guangdong/wy24/200	
A/duck/Kaohsiung/15WB3298	
A/duck/Kaohsiung/20WB0242	
A/duck/Liaoning/LN/2011|E	
A/duck/Pingtung/15010180/	
A/duck/Tainan/16WB3443-15	
A/duck/Taipei/18WB0120-1-	
A/duck/Taipei/19WB0235-14	
A/goose/Guangdong/k0103/2	
A/goose/Taiwan/01038/2015	
A/heron/Kaohsiung/15WB328	
A/quail/Jiangsu/k0104/201	
A/wild_bird/Eastern_China	
A/wild_bird/Eastern_China	
A/wild_bird/Eastern_China	
A/wild_duck/Hunan/12.28_D	
A/Bulbul/Taiwan/01156/201	
A/Duck/Dongting/D76-1/201	
A/chicken/Taiwan/01174/20	
A/chicken/Yuhang/1/2013_H	
A/chicken/Yuhang/2/2013_H	
A/duck/Chongqing/S4362/20	
A/duck/Eastern_China/008/	
A/duck/Eastern_China/031/	
A/duck/Guangdong/wy11/200	
A/duck/Guangdong/wy19/200	
A/duck/Guangdong/wy24/200	
A/duck/HuBei/03/2010_H5N5	
A/duck/Kaohsiung/15WB3298	
A/duck/Kaohsiung/20WB0242	
A/duck/Liaoning/LN/2011_H	
A/duck/Pingtung/15010180/	
A/duck/Tainan/16WB3443-15	
A/duck/Taipei/18WB0120-1-	
A/duck/Taipei/19WB0235-14	
A/goose/Guangdong/k0103/2	
A/goose/Hong_Kong/23/1978	
A/goose/Taiwan/01038/2015	
A/heron/Kaohsiung/15WB328	
A/quail/Jiangsu/k0104/201	
A/wild_bird/Eastern_China	
A/wild_bird/Eastern_China	
A/wild_bird/Eastern_China	
A/Anser_albifrons/Hubei/C	
A/chicken/Jiangxi/04.01_N	
A/chicken/Taiwan/01174/20	
A/chicken/Taiwan/a174/201	
A/chicken/Yuhang/1/2013|E	
A/chicken/Yuhang/2/2013|E	
A/duck/Chongqing/S4362/20	
A/Duck/Dongting/D76-1/201	
A/duck/Eastern_China/008/	
A/duck/Eastern_China/031/	
A/duck/Guangdong/wy11/200	
A/duck/Guangdong/wy19/200	
A/duck/Guangdong/wy24/200	
A/duck/Kaohsiung/15WB3298	
A/duck/Kaohsiung/20WB0242	
A/duck/Liaoning/LN/2011|E	
A/duck/Pingtung/15010180/	
A/duck/Tainan/16WB3443-15	
A/duck/Taipei/18WB0120-1-	
A/duck/Taipei/19WB0235-14	
A/goose/Guangdong/k0103/2	
A/goose/Taiwan/01038/2015	
A/heron/Kaohsiung/15WB328	
A/quail/Jiangsu/k0104/201	
A/wild_bird/Eastern_China	
A/wild_bird/Eastern_China	
A/wild_bird/Eastern_China	
A/wild_duck/Hunan/12.28_D	
A/Bulbul/Taiwan/01156/201	
A/Duck/Dongting/D76-1/201	
A/chicken/Taiwan/01174/20	
A/chicken/Yuhang/1/2013_H	
A/chicken/Yuhang/2/2013_H	
A/duck/Chongqing/S4362/20	
A/duck/Eastern_China/008/	
A/duck/Eastern_China/031/	
A/duck/Guangdong/wy11/200	
A/duck/Guangdong/wy19/200	
A/duck/Guangdong/wy24/200	
A/duck/HuBei/03/2010_H5N5	
A/duck/Kaohsiung/15WB3298	
A/duck/Kaohsiung/20WB0242	
A/duck/Liaoning/LN/2011_H	
A/duck/Pingtung/15010180/	
A/duck/Tainan/16WB3443-15	
A/duck/Taipei/18WB0120-1-	
A/duck/Taipei/19WB0235-14	
A/goose/Guangdong/k0103/2	
A/goose/Hong_Kong/23/1978	
A/goose/Taiwan/01038/2015	
A/heron/Kaohsiung/15WB328	
A/quail/Jiangsu/k0104/201	
A/wild_bird/Eastern_China	
A/wild_bird/Eastern_China	
A/wild_bird/Eastern_China	
A/Anser_albifrons/Hubei/C	
A/chicken/Jiangxi/04.01_N	
A/chicken/Taiwan/01174/20	
A/chicken/Taiwan/a174/201	
A/chicken/Yuhang/1/2013|E	
A/chicken/Yuhang/2/2013|E	
A/duck/Chongqing/S4362/20	
A/Duck/Dongting/D76-1/201	
A/duck/Eastern_China/008/	
A/duck/Eastern_China/031/	
A/duck/Guangdong/wy11/200	
A/duck/Guangdong/wy19/200	
A/duck/Guangdong/wy24/200	
A/duck/Kaohsiung/15WB3298	
A/duck/Kaohsiung/20WB0242	
A/duck/Liaoning/LN/2011|E	
A/duck/Pingtung/15010180/	
A/duck/Tainan/16WB3443-15	
A/duck/Taipei/18WB0120-1-	
A/duck/Taipei/19WB0235-14	
A/goose/Guangdong/k0103/2	
A/goose/Taiwan/01038/2015	
A/heron/Kaohsiung/15WB328	
A/quail/Jiangsu/k0104/201	
A/wild_bird/Eastern_China	
A/wild_bird/Eastern_China	
A/wild_bird/Eastern_China	
A/wild_duck/Hunan/12.28_D	
A/Bulbul/Taiwan/01156/201	
A/Duck/Dongting/D76-1/201	
A/chicken/Taiwan/01174/20	
A/chicken/Yuhang/1/2013_H	
A/chicken/Yuhang/2/2013_H	
A/duck/Chongqing/S4362/20	
A/duck/Eastern_China/008/	
A/duck/Eastern_China/031/	
A/duck/Guangdong/wy11/200	
A/duck/Guangdong/wy19/200	
A/duck/Guangdong/wy24/200	
A/duck/HuBei/03/2010_H5N5	
A/duck/Kaohsiung/15WB3298	
A/duck/Kaohsiung/20WB0242	
A/duck/Liaoning/LN/2011_H	
A/duck/Pingtung/15010180/	
A/duck/Tainan/16WB3443-15	
A/duck/Taipei/18WB0120-1-	
A/duck/Taipei/19WB0235-14	
A/goose/Guangdong/k0103/2	
A/goose/Hong_Kong/23/1978	
A/goose/Taiwan/01038/2015	
A/heron/Kaohsiung/15WB328	
A/quail/Jiangsu/k0104/201	
A/wild_bird/Eastern_China	
A/wild_bird/Eastern_China	
A/wild_bird/Eastern_China	
