title                    	
A/chicken/Beijing/BJ7/201	
A/chicken/CH/a556/2015|EP	
A/chicken/Changhua/150101	
A/chicken/Changhua/150102	
A/chicken/Changhua/150103	
A/chicken/Changhua/150103	
A/chicken/Changhua/150103	
A/chicken/Changhua/150103	
A/chicken/Changhua/150500	
A/chicken/Changhua/150600	
A/chicken/Changhua/150600	
A/chicken/Changhua/151200	
A/chicken/Changhua/160100	
A/chicken/Changhua/170600	
A/chicken/Changhua/180400	
A/chicken/Chiayi/15010287	
A/chicken/Chiayi/15010409	
A/chicken/Chiayi/17040009	
A/chicken/Chiayi/18120003	
A/chicken/Chiping/0321/20	
A/chicken/GY/a451/2015|EP	
A/chicken/Hebei/3/2013|EP	
A/chicken/Heilongjiang/S7	
A/chicken/Henan/Q7/2013|E	
A/chicken/Hsinchu/1608000	
A/chicken/Jiangsu/1001/20	
A/chicken/Jiangsu/XZ216/2	
A/chicken/Kaohsiung/17040	
A/chicken/Kaohsiung/17100	
A/chicken/Kaohsiung/18080	
A/chicken/Kaohsiung/18080	
A/chicken/New_Taipei_City	
A/chicken/New_Taipei_City	
A/chicken/PH/A2821/2013|E	
A/chicken/Pingtung/150500	
A/chicken/Pingtung/160200	
A/chicken/Pingtung/180100	
A/chicken/Pingtung/180200	
A/chicken/PT/a158/2015|EP	
A/chicken/Qingdao/1/2014|	
A/chicken/SC/a688/2015|EP	
A/chicken/Shandong/S3/201	
A/chicken/Shijiazhuang/12	
A/chicken/Taichung/150103	
A/chicken/Taichung/160400	
A/chicken/Taichung/160500	
A/chicken/Tainan/16040035	
A/chicken/Taipei_City/180	
A/chicken/Taipei_City/180	
A/chicken/Taiwan/0101/201	
A/chicken/Taiwan/0502/201	
A/chicken/Taiwan/683/2012	
A/chicken/Taiwan/1682/201	
A/chicken/Taiwan/1692/201	
A/chicken/Taiwan/1704/201	
A/chicken/Taiwan/1711/201	
A/chicken/Taiwan/2593/201	
A/chicken/Taiwan/2948/201	
A/chicken/Taiwan/4443/201	
A/chicken/Taiwan/7350/201	
A/chicken/Taiwan/8988/201	
A/chicken/Taiwan/8994/201	
A/chicken/Taiwan/8996/201	
A/chicken/Taiwan/A1/2019|	
A/chicken/Taiwan/A1997/20	
A/chicken/Taiwan/D2/2019|	
A/chicken/Taiwan/D9/2019|	
A/chicken/Taiwan/u7/2016|	
A/chicken/TC/a504/2015|EP	
A/chicken/TY/a665/2015|EP	
A/chicken/YL/A3190/2014|E	
A/chicken/Yunlin/15020048	
A/chicken/Yunlin/15040002	
A/chicken/Yunlin/15040027	
A/chicken/Yunlin/15050037	
A/chicken/Yunlin/15050039	
A/chicken/Yunlin/15060014	
A/chicken/Yunlin/15080024	
A/chicken/Yunlin/16010001	
A/chicken/Yunlin/16010008	
A/chicken/Yunlin/16050053	
A/chicken/Yunlin/17010014	
A/chicken/Yunlin/17020094	
A/chicken/Yunlin/17020095	
A/chicken/Yunlin/17030001	
A/chicken/Yunlin/17030007	
A/chicken/Yunlin/17030010	
A/chicken/Yunlin/17030014	
A/chicken/Yunlin/17030020	
A/chicken/Yunlin/17030021	
A/chicken/Yunlin/17030032	
A/chicken/Yunlin/17030065	
A/chicken/Yunlin/17040003	
A/chicken/Yunlin/17040004	
A/chicken/Yunlin/17040011	
A/chicken/Yunlin/17060019	
A/chicken/Yunlin/17070010	
A/chicken/Yunlin/18010001	
A/chicken/Yunlin/18010003	
A/chicken/Yunlin/18010023	
A/chicken/Yunlin/18020003	
A/chicken/Yunlin/18020004	
A/chicken/Yunlin/18020005	
A/chicken/Yunlin/18020008	
A/chicken/Yunlin/18030002	
A/chicken/Yunlin/18050013	
A/chicken/Yunlin/18060001	
A/chicken/Yunlin/18080006	
A/chicken/Zhejiang/194/20	
A/chicken/Zhejiang/209/20	
A/chicken/Zhejiang/217/20	
A/chicken/Zhejiang/232/20	
A/chicken/Zhejiang/7450/2	
A/chicken/Zhejiang/81643/	
A/chicken/Zhejiang/514135	
A/chicken/Zhejiang/727079	
A/chicken/Zhejiang/727159	
A/duck/Changhua/15A03431-	
A/duck/Changhua/15A03473-	
A/duck/China/YD1516/2016|	
A/duck/Eastern_China/L023	
A/duck/Eastern_China/L032	
A/duck/Eastern_China/S013	
A/duck/Eastern_China/S080	
A/duck/Hebei/3/2011|EPI_I	
A/duck/Hsinchu/15020216/2	
A/duck/Hubei/03.06__WHWTZ	
A/duck/Hubei/SZY250/2016|	
A/duck/Hunan/S4101/2011|E	
A/duck/Hunan/S4120/2011|E	
A/duck/Jiangsu/m234/2012|	
A/duck/Kaohsiung/15010213	
A/duck/Nantou/15A3437/201	
A/duck/Nantou/17A0243/201	
A/duck/Pingtung/17A0160/2	
A/duck/Pingtung/18A00003-	
A/duck/Pingtung/18A00076-	
A/duck/Pingtung/18X00077/	
A/duck/Pingtung/15010444/	
A/duck/Taichung/15010400-	
A/duck/Tainan/16010024-1/	
A/duck/Taipei/05WB830-1-5	
A/duck/Taiwan/01006/2015|	
A/duck/Taiwan/11213/2013|	
A/duck/Taiwan/11254/2013|	
A/duck/Taiwan/a043/2015|E	
A/duck/Taiwan/DV1238/2009	
A/duck/Taiwan/DV1241/2009	
A/duck/Taiwan/DV1242/2009	
A/duck/Taoyuan/16010023-1	
A/duck/Yilan/17A0092/2017	
A/duck/Yunlin/15A5019/201	
A/duck/Yunlin/17A0086/201	
A/duck/Yunlin/17A0686/201	
A/duck/Yunlin/18X00007-3/	
A/duck/Yunlin/15010244-1/	
A/duck/Yunlin/15010310-4/	
A/duck/Yunlin/15010318-2/	
A/duck/Yunlin/15010369-1/	
A/duck/Yunlin/15070002-2/	
A/duck/Yunlin/17110001/20	
A/duck/Yunlin/18060007-3/	
A/duck/Zhejiang/77138/201	
A/duck/Zhejiang/727041/20	
A/duck/Zhejiang/1026109/2	
A/Environment/Shandong/WS	
A/Environment/Shandong/WS	
A/Environment/Shandong/WS	
A/goose/Changhua/15040008	
A/goose/Chiayi/15010008-3	
A/goose/Chiayi/15010016-1	
A/goose/Chiayi/16010017-2	
A/goose/Chiayi/16040003-1	
A/goose/Chiayi/16040005/2	
A/goose/Chiayi/17020027-1	
A/goose/Chiayi/17040014/2	
A/goose/Chiayi/18010006/2	
A/goose/Chiayi/18020014-2	
A/goose/China/1106/2016|E	
A/goose/Pingtung/15010007	
A/goose/Pingtung/15010037	
A/goose/Shandong/01.01_JY	
A/goose/Shandong/01.07_JQ	
A/goose/Shandong/04.22_GT	
A/goose/Tainan/17030022-1	
A/goose/Tainan/17030024-1	
A/goose/Tainan/18010022-1	
A/goose/Tainan/18050014-1	
A/goose/Taiwan/01022/2015	
A/goose/Taiwan/01023/2015	
A/goose/Taiwan/01031/2015	
A/goose/Taiwan/01040/2015	
A/goose/Taoyuan/18120002-	
A/goose/Yunlin/15010005/2	
A/goose/Yunlin/15010009-1	
A/goose/Yunlin/15010010-2	
A/goose/Yunlin/15010011-1	
A/goose/Yunlin/16020008-4	
A/goose/Yunlin/16020011-1	
A/goose/Yunlin/16040002-2	
A/goose/Yunlin/17100005/2	
A/goose/Yunlin/18030020-2	
A/goose/Yunlin/18030020-3	
A/goose/Yunlin/18040002-3	
A/goose/Yunlin/18040018-2	
A/goose/Yunlin/18090002-3	
A/goose/Yunlin/18090006-1	
A/goose/Yunlin/18110002-3	
A/goose/Zhejiang/77166/20	
A/goose/Zhejiang/77167/20	
A/goose/Zhejiang/77168/20	
A/heron/Taiwan/17DB0001/2	
A/parrot/Guangdong/258/20	
A/Pigeon/Shandong/WS17/20	
A/Taiwan/DV413/2006|EPI_I	
A/Taiwan/DV518/2006|EPI_I	
A/thrush/Taiwan/15120021/	
A/turkey/Changhua/1601001	
A/turkey/Chiayi/18010013-	
A/turkey/Yunlin/15060049-	
A/turkey/Yunlin/18020020-	
A/turkey/Yunlin/18110001-	
A/turkey/Yunlin/18120005-	
A/whooper_swan/Henan/T578	
A/whooper_swan/Henan/T874	
A/whooper_swan/Henan/T880	
A/whooper_swan/Henan/T886	
A/whooper_swan/Henan/T888	
A/whooper_swan/Henan/Y120	
A/whooper_swan/Shanxi/SX1	
A/wildfowl/China/472/2014	
A/Taiwan/DV413/2006_H5N2|	
A/Taiwan/DV518/2006_H5N2|	
A/baikal_teal/Xianghai/42	
A/canvasback/Xianghai/428	
A/chicken/Beijing/BJ7/201	
A/chicken/CH/a556/2015_H5	
A/chicken/Changhua/150101	
A/chicken/Changhua/150102	
A/chicken/Changhua/150103	
A/chicken/Changhua/150103	
A/chicken/Changhua/150103	
A/chicken/Changhua/150103	
A/chicken/Changhua/150500	
A/chicken/Changhua/150600	
A/chicken/Changhua/150600	
A/chicken/Changhua/151200	
A/chicken/Changhua/160100	
A/chicken/Changhua/170600	
A/chicken/Changhua/180400	
A/chicken/Chiayi/15010287	
A/chicken/Chiayi/15010409	
A/chicken/Chiayi/17040009	
A/chicken/Chiayi/18120003	
A/chicken/Chiping/0321/20	
A/chicken/Eastern_China/H	
A/chicken/Eastern_China/Q	
A/chicken/GY/a451/2015_H5	
A/chicken/Hebei/1102-MA/2	
A/chicken/Hebei/1102/2010	
A/chicken/Hebei/3/2013_H5	
A/chicken/Heilongjiang/S7	
A/chicken/Henan/Q7/2013_H	
A/chicken/Hsinchu/1608000	
A/chicken/Jiangsu/1001/20	
A/chicken/Jiangsu/XZ216/2	
A/chicken/Kaohsiung/17040	
A/chicken/Kaohsiung/17100	
A/chicken/Kaohsiung/18080	
A/chicken/Kaohsiung/18080	
A/chicken/New_Taipei_City	
A/chicken/New_Taipei_City	
A/chicken/PH/A2821/2013_H	
A/chicken/PT/a158/2015_H5	
A/chicken/Pingtung/150500	
A/chicken/Pingtung/160200	
A/chicken/Pingtung/180100	
A/chicken/Pingtung/180200	
A/chicken/Qingdao/1/2014_	
A/chicken/SC/a688/2015_H5	
A/chicken/Shandong/S3/201	
A/chicken/Shijiazhuang/12	
A/chicken/TC/a504/2015_H5	
A/chicken/TY/a665/2015_H5	
A/chicken/Taichung/150103	
A/chicken/Taichung/160400	
A/chicken/Taichung/160500	
A/chicken/Tainan/16040035	
A/chicken/Taipei_City/180	
A/chicken/Taipei_City/180	
A/chicken/Taiwan/0101/201	
A/chicken/Taiwan/0502/201	
A/chicken/Taiwan/1682/201	
A/chicken/Taiwan/1692/201	
A/chicken/Taiwan/1704/201	
A/chicken/Taiwan/1711/201	
A/chicken/Taiwan/2593/201	
A/chicken/Taiwan/2948/201	
A/chicken/Taiwan/4443/201	
A/chicken/Taiwan/683/2012	
A/chicken/Taiwan/7350/201	
A/chicken/Taiwan/8988/201	
A/chicken/Taiwan/8994/201	
A/chicken/Taiwan/8996/201	
A/chicken/Taiwan/A1/2019_	
A/chicken/Taiwan/A1997/20	
A/chicken/Taiwan/D2/2019_	
A/chicken/Taiwan/D9/2019_	
A/chicken/Tibet/LZ01/2010	
A/chicken/Wuhan/WHJF/2014	
A/chicken/YL/A3190/2014_H	
A/chicken/Yunlin/15020048	
A/chicken/Yunlin/15040002	
A/chicken/Yunlin/15040027	
A/chicken/Yunlin/15050037	
A/chicken/Yunlin/15050039	
A/chicken/Yunlin/15060014	
A/chicken/Yunlin/15080024	
A/chicken/Yunlin/16010001	
A/chicken/Yunlin/16010008	
A/chicken/Yunlin/16050053	
A/chicken/Yunlin/17010014	
A/chicken/Yunlin/17020094	
A/chicken/Yunlin/17020095	
A/chicken/Yunlin/17030001	
A/chicken/Yunlin/17030007	
A/chicken/Yunlin/17030010	
A/chicken/Yunlin/17030014	
A/chicken/Yunlin/17030020	
A/chicken/Yunlin/17030021	
A/chicken/Yunlin/17030032	
A/chicken/Yunlin/17030065	
A/chicken/Yunlin/17040003	
A/chicken/Yunlin/17040004	
A/chicken/Yunlin/17040011	
A/chicken/Yunlin/17060019	
A/chicken/Yunlin/17070010	
A/chicken/Yunlin/18010001	
A/chicken/Yunlin/18010023	
A/chicken/Yunlin/18020003	
A/chicken/Yunlin/18020004	
A/chicken/Yunlin/18020005	
A/chicken/Yunlin/18020008	
A/chicken/Yunlin/18030002	
A/chicken/Yunlin/18050013	
A/chicken/Yunlin/18060001	
A/chicken/Yunlin/18080006	
A/chicken/Zhejiang/194/20	
A/chicken/Zhejiang/209/20	
A/chicken/Zhejiang/217/20	
A/chicken/Zhejiang/232/20	
A/chicken/Zhejiang/514135	
A/chicken/Zhejiang/727079	
A/chicken/Zhejiang/727159	
A/chicken/Zhejiang/7450/2	
A/chicken/Zhejiang/81643/	
A/duck/Changhua/15A03431-	
A/duck/Changhua/15A03473-	
A/duck/China/YD1516/2016_	
A/duck/Eastern_China/1111	
A/duck/Eastern_China/L023	
A/duck/Eastern_China/L032	
A/duck/Eastern_China/S013	
A/duck/Eastern_China/S080	
A/duck/Hebei/0908/2009_H5	
A/duck/Hong_Kong/342/1978	
A/duck/Hsinchu/15020216/2	
A/duck/Hubei/SZY250/2016_	
A/duck/Hunan/S4101/2011_H	
A/duck/Hunan/S4120/2011_H	
A/duck/Jiangsu/m234/2012_	
A/duck/Kaohsiung/15010213	
A/duck/Nantou/15A3437/201	
A/duck/Nantou/17A0243/201	
A/duck/Pingtung/15010444/	
A/duck/Pingtung/17A0160/2	
A/duck/Pingtung/18A00003-	
A/duck/Pingtung/18A00076-	
A/duck/Pingtung/18X00077/	
A/duck/Taichung/15010400-	
A/duck/Tainan/16010020-1/	
A/duck/Taipei/05WB830-1-5	
A/duck/Taiwan/01006/2015_	
A/duck/Taiwan/11213/2013_	
A/duck/Taiwan/11254/2013_	
A/duck/Taiwan/DV1238/2009	
A/duck/Taiwan/DV1241/2009	
A/duck/Taiwan/DV1242/2009	
A/duck/Taoyuan/16010023-1	
A/duck/Yilan/17A0092/2017	
A/duck/Yunlin/15010244-1/	
A/duck/Yunlin/15010310-4/	
A/duck/Yunlin/15010318-2/	
A/duck/Yunlin/15010369-1/	
A/duck/Yunlin/15070002-2/	
A/duck/Yunlin/15A5019/201	
A/duck/Yunlin/17110001/20	
A/duck/Yunlin/17A0086/201	
A/duck/Yunlin/17A0686/201	
A/duck/Yunlin/18060007-3/	
A/duck/Yunlin/18X00007-3/	
A/duck/Zhejiang/1026109/2	
A/duck/Zhejiang/6DK19/201	
A/duck/Zhejiang/727041/20	
A/duck/Zhejiang/77138/201	
A/goose/Changhua/15040008	
A/goose/Chiayi/15010008-3	
A/goose/Chiayi/15010016-1	
A/goose/Chiayi/16010017-2	
A/goose/Chiayi/16040003-1	
A/goose/Chiayi/16040005/2	
A/goose/Chiayi/17020027-1	
A/goose/Chiayi/17040014/2	
A/goose/Chiayi/18010006/2	
A/goose/Chiayi/18020014-1	
A/goose/Chiayi/18020014-2	
A/goose/China/1106/2016_H	
A/goose/Eastern_China/111	
A/goose/Pingtung/15010007	
A/goose/Pingtung/15010037	
A/goose/Tainan/17030022-1	
A/goose/Tainan/17030024-1	
A/goose/Tainan/18010022-1	
A/goose/Tainan/18050014-1	
A/goose/Taiwan/01022/2015	
A/goose/Taiwan/01023/2015	
A/goose/Taiwan/01031/2015	
A/goose/Taiwan/01040/2015	
A/goose/Taoyuan/18120002-	
A/goose/Yunlin/15010005/2	
A/goose/Yunlin/15010009-1	
A/goose/Yunlin/15010010-2	
A/goose/Yunlin/15010011-1	
A/goose/Yunlin/15010029-1	
A/goose/Yunlin/16020008-4	
A/goose/Yunlin/16020011-1	
A/goose/Yunlin/16040002-2	
A/goose/Yunlin/17100005/2	
A/goose/Yunlin/18030020-2	
A/goose/Yunlin/18030020-3	
A/goose/Yunlin/18040002-3	
A/goose/Yunlin/18040018-2	
A/goose/Yunlin/18090002-3	
A/goose/Yunlin/18090006-1	
A/goose/Yunlin/18110002-3	
A/goose/Zhejiang/77166/20	
A/goose/Zhejiang/77167/20	
A/goose/Zhejiang/77168/20	
A/green-winged_teal/Xiang	
A/heron/Yilan/17DB0001/20	
A/little_grebe/Xianghai/4	
A/night_heron/Taiwan/A289	
A/parrot/Guangdong/258/20	
A/spot-billed_duck/Xiangh	
A/thrush/Taipei_City/1512	
A/thrush/Taiwan/A234/2015	
A/turkey/Changhua/1601001	
A/turkey/Chiayi/18010013-	
A/turkey/Yunlin/15060049-	
A/turkey/Yunlin/18020020-	
A/turkey/Yunlin/18110001-	
A/turkey/Yunlin/18120005-	
A/chicken/Beijing/BJ7/201	
A/chicken/CH/a556/2015|EP	
A/chicken/Changhua/150101	
A/chicken/Changhua/150102	
A/chicken/Changhua/150103	
A/chicken/Changhua/150103	
A/chicken/Changhua/150103	
A/chicken/Changhua/150103	
A/chicken/Changhua/150500	
A/chicken/Changhua/150600	
A/chicken/Changhua/150600	
A/chicken/Changhua/151200	
A/chicken/Changhua/160100	
A/chicken/Changhua/170600	
A/chicken/Changhua/180400	
A/chicken/Chiayi/15010287	
A/chicken/Chiayi/15010409	
A/chicken/Chiayi/17040009	
A/chicken/Chiayi/18120003	
A/chicken/Chiping/0321/20	
A/chicken/GY/a451/2015|EP	
A/chicken/Hebei/3/2013|EP	
A/chicken/Heilongjiang/S7	
A/chicken/Henan/Q7/2013|E	
A/chicken/Hsinchu/1608000	
A/chicken/Jiangsu/1001/20	
A/chicken/Jiangsu/XZ216/2	
A/chicken/Kaohsiung/17040	
A/chicken/Kaohsiung/17100	
A/chicken/Kaohsiung/18080	
A/chicken/Kaohsiung/18080	
A/chicken/New_Taipei_City	
A/chicken/New_Taipei_City	
A/chicken/PH/A2821/2013|E	
A/chicken/Pingtung/150500	
A/chicken/Pingtung/160200	
A/chicken/Pingtung/180100	
A/chicken/Pingtung/180200	
A/chicken/PT/a158/2015|EP	
A/chicken/Qingdao/1/2014|	
A/chicken/SC/a688/2015|EP	
A/chicken/Shandong/S3/201	
A/chicken/Shijiazhuang/12	
A/chicken/Taichung/150103	
A/chicken/Taichung/160400	
A/chicken/Taichung/160500	
A/chicken/Tainan/16040035	
A/chicken/Taipei_City/180	
A/chicken/Taipei_City/180	
A/chicken/Taiwan/0101/201	
A/chicken/Taiwan/0502/201	
A/chicken/Taiwan/683/2012	
A/chicken/Taiwan/1682/201	
A/chicken/Taiwan/1692/201	
A/chicken/Taiwan/1704/201	
A/chicken/Taiwan/1711/201	
A/chicken/Taiwan/2593/201	
A/chicken/Taiwan/2948/201	
A/chicken/Taiwan/4443/201	
A/chicken/Taiwan/7350/201	
A/chicken/Taiwan/8988/201	
A/chicken/Taiwan/8994/201	
A/chicken/Taiwan/8996/201	
A/chicken/Taiwan/A1/2019|	
A/chicken/Taiwan/A1997/20	
A/chicken/Taiwan/D2/2019|	
A/chicken/Taiwan/D9/2019|	
A/chicken/Taiwan/u7/2016|	
A/chicken/TC/a504/2015|EP	
A/chicken/TY/a665/2015|EP	
A/chicken/YL/A3190/2014|E	
A/chicken/Yunlin/15020048	
A/chicken/Yunlin/15040002	
A/chicken/Yunlin/15040027	
A/chicken/Yunlin/15050037	
A/chicken/Yunlin/15050039	
A/chicken/Yunlin/15060014	
A/chicken/Yunlin/15080024	
A/chicken/Yunlin/16010001	
A/chicken/Yunlin/16010008	
A/chicken/Yunlin/16050053	
A/chicken/Yunlin/17010014	
A/chicken/Yunlin/17020094	
A/chicken/Yunlin/17020095	
A/chicken/Yunlin/17030001	
A/chicken/Yunlin/17030007	
A/chicken/Yunlin/17030010	
A/chicken/Yunlin/17030014	
A/chicken/Yunlin/17030020	
A/chicken/Yunlin/17030021	
A/chicken/Yunlin/17030032	
A/chicken/Yunlin/17030065	
A/chicken/Yunlin/17040003	
A/chicken/Yunlin/17040004	
A/chicken/Yunlin/17040011	
A/chicken/Yunlin/17060019	
A/chicken/Yunlin/17070010	
A/chicken/Yunlin/18010001	
A/chicken/Yunlin/18010003	
A/chicken/Yunlin/18010023	
A/chicken/Yunlin/18020003	
A/chicken/Yunlin/18020004	
A/chicken/Yunlin/18020005	
A/chicken/Yunlin/18020008	
A/chicken/Yunlin/18030002	
A/chicken/Yunlin/18050013	
A/chicken/Yunlin/18060001	
A/chicken/Yunlin/18080006	
A/chicken/Zhejiang/194/20	
A/chicken/Zhejiang/209/20	
A/chicken/Zhejiang/217/20	
A/chicken/Zhejiang/232/20	
A/chicken/Zhejiang/7450/2	
A/chicken/Zhejiang/81643/	
A/chicken/Zhejiang/514135	
A/chicken/Zhejiang/727079	
A/chicken/Zhejiang/727159	
A/duck/Changhua/15A03431-	
A/duck/Changhua/15A03473-	
A/duck/China/YD1516/2016|	
A/duck/Eastern_China/L023	
A/duck/Eastern_China/L032	
A/duck/Eastern_China/S013	
A/duck/Eastern_China/S080	
A/duck/Hebei/3/2011|EPI_I	
A/duck/Hsinchu/15020216/2	
A/duck/Hubei/03.06__WHWTZ	
A/duck/Hubei/SZY250/2016|	
A/duck/Hunan/S4101/2011|E	
A/duck/Hunan/S4120/2011|E	
A/duck/Jiangsu/m234/2012|	
A/duck/Kaohsiung/15010213	
A/duck/Nantou/15A3437/201	
A/duck/Nantou/17A0243/201	
A/duck/Pingtung/17A0160/2	
A/duck/Pingtung/18A00003-	
A/duck/Pingtung/18A00076-	
A/duck/Pingtung/18X00077/	
A/duck/Pingtung/15010444/	
A/duck/Taichung/15010400-	
A/duck/Tainan/16010024-1/	
A/duck/Taipei/05WB830-1-5	
A/duck/Taiwan/01006/2015|	
A/duck/Taiwan/11213/2013|	
A/duck/Taiwan/11254/2013|	
A/duck/Taiwan/a043/2015|E	
A/duck/Taiwan/DV1238/2009	
A/duck/Taiwan/DV1241/2009	
A/duck/Taiwan/DV1242/2009	
A/duck/Taoyuan/16010023-1	
A/duck/Yilan/17A0092/2017	
A/duck/Yunlin/15A5019/201	
A/duck/Yunlin/17A0086/201	
A/duck/Yunlin/17A0686/201	
A/duck/Yunlin/18X00007-3/	
A/duck/Yunlin/15010244-1/	
A/duck/Yunlin/15010310-4/	
A/duck/Yunlin/15010318-2/	
A/duck/Yunlin/15010369-1/	
A/duck/Yunlin/15070002-2/	
A/duck/Yunlin/17110001/20	
A/duck/Yunlin/18060007-3/	
A/duck/Zhejiang/77138/201	
A/duck/Zhejiang/727041/20	
A/duck/Zhejiang/1026109/2	
A/Environment/Shandong/WS	
A/Environment/Shandong/WS	
A/Environment/Shandong/WS	
A/goose/Changhua/15040008	
A/goose/Chiayi/15010008-3	
A/goose/Chiayi/15010016-1	
A/goose/Chiayi/16010017-2	
A/goose/Chiayi/16040003-1	
A/goose/Chiayi/16040005/2	
A/goose/Chiayi/17020027-1	
A/goose/Chiayi/17040014/2	
A/goose/Chiayi/18010006/2	
A/goose/Chiayi/18020014-2	
A/goose/China/1106/2016|E	
A/goose/Pingtung/15010007	
A/goose/Pingtung/15010037	
A/goose/Shandong/01.01_JY	
A/goose/Shandong/01.07_JQ	
A/goose/Shandong/04.22_GT	
A/goose/Tainan/17030022-1	
A/goose/Tainan/17030024-1	
A/goose/Tainan/18010022-1	
A/goose/Tainan/18050014-1	
A/goose/Taiwan/01022/2015	
A/goose/Taiwan/01023/2015	
A/goose/Taiwan/01031/2015	
A/goose/Taiwan/01040/2015	
A/goose/Taoyuan/18120002-	
A/goose/Yunlin/15010005/2	
A/goose/Yunlin/15010009-1	
A/goose/Yunlin/15010010-2	
A/goose/Yunlin/15010011-1	
A/goose/Yunlin/16020008-4	
A/goose/Yunlin/16020011-1	
A/goose/Yunlin/16040002-2	
A/goose/Yunlin/17100005/2	
A/goose/Yunlin/18030020-2	
A/goose/Yunlin/18030020-3	
A/goose/Yunlin/18040002-3	
A/goose/Yunlin/18040018-2	
A/goose/Yunlin/18090002-3	
A/goose/Yunlin/18090006-1	
A/goose/Yunlin/18110002-3	
A/goose/Zhejiang/77166/20	
A/goose/Zhejiang/77167/20	
A/goose/Zhejiang/77168/20	
A/heron/Taiwan/17DB0001/2	
A/parrot/Guangdong/258/20	
A/Pigeon/Shandong/WS17/20	
A/Taiwan/DV413/2006|EPI_I	
A/Taiwan/DV518/2006|EPI_I	
A/thrush/Taiwan/15120021/	
A/turkey/Changhua/1601001	
A/turkey/Chiayi/18010013-	
A/turkey/Yunlin/15060049-	
A/turkey/Yunlin/18020020-	
A/turkey/Yunlin/18110001-	
A/turkey/Yunlin/18120005-	
A/whooper_swan/Henan/T578	
A/whooper_swan/Henan/T874	
A/whooper_swan/Henan/T880	
A/whooper_swan/Henan/T886	
A/whooper_swan/Henan/T888	
A/whooper_swan/Henan/Y120	
A/whooper_swan/Shanxi/SX1	
A/wildfowl/China/472/2014	
A/Taiwan/DV413/2006_H5N2|	
A/Taiwan/DV518/2006_H5N2|	
A/baikal_teal/Xianghai/42	
A/canvasback/Xianghai/428	
A/chicken/Beijing/BJ7/201	
A/chicken/CH/a556/2015_H5	
A/chicken/Changhua/150101	
A/chicken/Changhua/150102	
A/chicken/Changhua/150103	
A/chicken/Changhua/150103	
A/chicken/Changhua/150103	
A/chicken/Changhua/150103	
A/chicken/Changhua/150500	
A/chicken/Changhua/150600	
A/chicken/Changhua/150600	
A/chicken/Changhua/151200	
A/chicken/Changhua/160100	
A/chicken/Changhua/170600	
A/chicken/Changhua/180400	
A/chicken/Chiayi/15010287	
A/chicken/Chiayi/15010409	
A/chicken/Chiayi/17040009	
A/chicken/Chiayi/18120003	
A/chicken/Chiping/0321/20	
A/chicken/Eastern_China/H	
A/chicken/Eastern_China/Q	
A/chicken/GY/a451/2015_H5	
A/chicken/Hebei/1102-MA/2	
A/chicken/Hebei/1102/2010	
A/chicken/Hebei/3/2013_H5	
A/chicken/Heilongjiang/S7	
A/chicken/Henan/Q7/2013_H	
A/chicken/Hsinchu/1608000	
A/chicken/Jiangsu/1001/20	
A/chicken/Jiangsu/XZ216/2	
A/chicken/Kaohsiung/17040	
A/chicken/Kaohsiung/17100	
A/chicken/Kaohsiung/18080	
A/chicken/Kaohsiung/18080	
A/chicken/New_Taipei_City	
A/chicken/New_Taipei_City	
A/chicken/PH/A2821/2013_H	
A/chicken/PT/a158/2015_H5	
A/chicken/Pingtung/150500	
A/chicken/Pingtung/160200	
A/chicken/Pingtung/180100	
A/chicken/Pingtung/180200	
A/chicken/Qingdao/1/2014_	
A/chicken/SC/a688/2015_H5	
A/chicken/Shandong/S3/201	
A/chicken/Shijiazhuang/12	
A/chicken/TC/a504/2015_H5	
A/chicken/TY/a665/2015_H5	
A/chicken/Taichung/150103	
A/chicken/Taichung/160400	
A/chicken/Taichung/160500	
A/chicken/Tainan/16040035	
A/chicken/Taipei_City/180	
A/chicken/Taipei_City/180	
A/chicken/Taiwan/0101/201	
A/chicken/Taiwan/0502/201	
A/chicken/Taiwan/1682/201	
A/chicken/Taiwan/1692/201	
A/chicken/Taiwan/1704/201	
A/chicken/Taiwan/1711/201	
A/chicken/Taiwan/2593/201	
A/chicken/Taiwan/2948/201	
A/chicken/Taiwan/4443/201	
A/chicken/Taiwan/683/2012	
A/chicken/Taiwan/7350/201	
A/chicken/Taiwan/8988/201	
A/chicken/Taiwan/8994/201	
A/chicken/Taiwan/8996/201	
A/chicken/Taiwan/A1/2019_	
A/chicken/Taiwan/A1997/20	
A/chicken/Taiwan/D2/2019_	
A/chicken/Taiwan/D9/2019_	
A/chicken/Tibet/LZ01/2010	
A/chicken/Wuhan/WHJF/2014	
A/chicken/YL/A3190/2014_H	
A/chicken/Yunlin/15020048	
A/chicken/Yunlin/15040002	
A/chicken/Yunlin/15040027	
A/chicken/Yunlin/15050037	
A/chicken/Yunlin/15050039	
A/chicken/Yunlin/15060014	
A/chicken/Yunlin/15080024	
A/chicken/Yunlin/16010001	
A/chicken/Yunlin/16010008	
A/chicken/Yunlin/16050053	
A/chicken/Yunlin/17010014	
A/chicken/Yunlin/17020094	
A/chicken/Yunlin/17020095	
A/chicken/Yunlin/17030001	
A/chicken/Yunlin/17030007	
A/chicken/Yunlin/17030010	
A/chicken/Yunlin/17030014	
A/chicken/Yunlin/17030020	
A/chicken/Yunlin/17030021	
A/chicken/Yunlin/17030032	
A/chicken/Yunlin/17030065	
A/chicken/Yunlin/17040003	
A/chicken/Yunlin/17040004	
A/chicken/Yunlin/17040011	
A/chicken/Yunlin/17060019	
A/chicken/Yunlin/17070010	
A/chicken/Yunlin/18010001	
A/chicken/Yunlin/18010023	
A/chicken/Yunlin/18020003	
A/chicken/Yunlin/18020004	
A/chicken/Yunlin/18020005	
A/chicken/Yunlin/18020008	
A/chicken/Yunlin/18030002	
A/chicken/Yunlin/18050013	
A/chicken/Yunlin/18060001	
A/chicken/Yunlin/18080006	
A/chicken/Zhejiang/194/20	
A/chicken/Zhejiang/209/20	
A/chicken/Zhejiang/217/20	
A/chicken/Zhejiang/232/20	
A/chicken/Zhejiang/514135	
A/chicken/Zhejiang/727079	
A/chicken/Zhejiang/727159	
A/chicken/Zhejiang/7450/2	
A/chicken/Zhejiang/81643/	
A/duck/Changhua/15A03431-	
A/duck/Changhua/15A03473-	
A/duck/China/YD1516/2016_	
A/duck/Eastern_China/1111	
A/duck/Eastern_China/L023	
A/duck/Eastern_China/L032	
A/duck/Eastern_China/S013	
A/duck/Eastern_China/S080	
A/duck/Hebei/0908/2009_H5	
A/duck/Hong_Kong/342/1978	
A/duck/Hsinchu/15020216/2	
A/duck/Hubei/SZY250/2016_	
A/duck/Hunan/S4101/2011_H	
A/duck/Hunan/S4120/2011_H	
A/duck/Jiangsu/m234/2012_	
A/duck/Kaohsiung/15010213	
A/duck/Nantou/15A3437/201	
A/duck/Nantou/17A0243/201	
A/duck/Pingtung/15010444/	
A/duck/Pingtung/17A0160/2	
A/duck/Pingtung/18A00003-	
A/duck/Pingtung/18A00076-	
A/duck/Pingtung/18X00077/	
A/duck/Taichung/15010400-	
A/duck/Tainan/16010020-1/	
A/duck/Taipei/05WB830-1-5	
A/duck/Taiwan/01006/2015_	
A/duck/Taiwan/11213/2013_	
A/duck/Taiwan/11254/2013_	
A/duck/Taiwan/DV1238/2009	
A/duck/Taiwan/DV1241/2009	
A/duck/Taiwan/DV1242/2009	
A/duck/Taoyuan/16010023-1	
A/duck/Yilan/17A0092/2017	
A/duck/Yunlin/15010244-1/	
A/duck/Yunlin/15010310-4/	
A/duck/Yunlin/15010318-2/	
A/duck/Yunlin/15010369-1/	
A/duck/Yunlin/15070002-2/	
A/duck/Yunlin/15A5019/201	
A/duck/Yunlin/17110001/20	
A/duck/Yunlin/17A0086/201	
A/duck/Yunlin/17A0686/201	
A/duck/Yunlin/18060007-3/	
A/duck/Yunlin/18X00007-3/	
A/duck/Zhejiang/1026109/2	
A/duck/Zhejiang/6DK19/201	
A/duck/Zhejiang/727041/20	
A/duck/Zhejiang/77138/201	
A/goose/Changhua/15040008	
A/goose/Chiayi/15010008-3	
A/goose/Chiayi/15010016-1	
A/goose/Chiayi/16010017-2	
A/goose/Chiayi/16040003-1	
A/goose/Chiayi/16040005/2	
A/goose/Chiayi/17020027-1	
A/goose/Chiayi/17040014/2	
A/goose/Chiayi/18010006/2	
A/goose/Chiayi/18020014-1	
A/goose/Chiayi/18020014-2	
A/goose/China/1106/2016_H	
A/goose/Eastern_China/111	
A/goose/Pingtung/15010007	
A/goose/Pingtung/15010037	
A/goose/Tainan/17030022-1	
A/goose/Tainan/17030024-1	
A/goose/Tainan/18010022-1	
A/goose/Tainan/18050014-1	
A/goose/Taiwan/01022/2015	
A/goose/Taiwan/01023/2015	
A/goose/Taiwan/01031/2015	
A/goose/Taiwan/01040/2015	
A/goose/Taoyuan/18120002-	
A/goose/Yunlin/15010005/2	
A/goose/Yunlin/15010009-1	
A/goose/Yunlin/15010010-2	
A/goose/Yunlin/15010011-1	
A/goose/Yunlin/15010029-1	
A/goose/Yunlin/16020008-4	
A/goose/Yunlin/16020011-1	
A/goose/Yunlin/16040002-2	
A/goose/Yunlin/17100005/2	
A/goose/Yunlin/18030020-2	
A/goose/Yunlin/18030020-3	
A/goose/Yunlin/18040002-3	
A/goose/Yunlin/18040018-2	
A/goose/Yunlin/18090002-3	
A/goose/Yunlin/18090006-1	
A/goose/Yunlin/18110002-3	
A/goose/Zhejiang/77166/20	
A/goose/Zhejiang/77167/20	
A/goose/Zhejiang/77168/20	
A/green-winged_teal/Xiang	
A/heron/Yilan/17DB0001/20	
A/little_grebe/Xianghai/4	
A/night_heron/Taiwan/A289	
A/parrot/Guangdong/258/20	
A/spot-billed_duck/Xiangh	
A/thrush/Taipei_City/1512	
A/thrush/Taiwan/A234/2015	
A/turkey/Changhua/1601001	
A/turkey/Chiayi/18010013-	
A/turkey/Yunlin/15060049-	
A/turkey/Yunlin/18020020-	
A/turkey/Yunlin/18110001-	
A/turkey/Yunlin/18120005-	
A/chicken/Beijing/BJ7/201	
A/chicken/CH/a556/2015|EP	
A/chicken/Changhua/150101	
A/chicken/Changhua/150102	
A/chicken/Changhua/150103	
A/chicken/Changhua/150103	
A/chicken/Changhua/150103	
A/chicken/Changhua/150103	
A/chicken/Changhua/150500	
A/chicken/Changhua/150600	
A/chicken/Changhua/150600	
A/chicken/Changhua/151200	
A/chicken/Changhua/160100	
A/chicken/Changhua/170600	
A/chicken/Changhua/180400	
A/chicken/Chiayi/15010287	
A/chicken/Chiayi/15010409	
A/chicken/Chiayi/17040009	
A/chicken/Chiayi/18120003	
A/chicken/Chiping/0321/20	
A/chicken/GY/a451/2015|EP	
A/chicken/Hebei/3/2013|EP	
A/chicken/Heilongjiang/S7	
A/chicken/Henan/Q7/2013|E	
A/chicken/Hsinchu/1608000	
A/chicken/Jiangsu/1001/20	
A/chicken/Jiangsu/XZ216/2	
A/chicken/Kaohsiung/17040	
A/chicken/Kaohsiung/17100	
A/chicken/Kaohsiung/18080	
A/chicken/Kaohsiung/18080	
A/chicken/New_Taipei_City	
A/chicken/New_Taipei_City	
A/chicken/PH/A2821/2013|E	
A/chicken/Pingtung/150500	
A/chicken/Pingtung/160200	
A/chicken/Pingtung/180100	
A/chicken/Pingtung/180200	
A/chicken/PT/a158/2015|EP	
A/chicken/Qingdao/1/2014|	
A/chicken/SC/a688/2015|EP	
A/chicken/Shandong/S3/201	
A/chicken/Shijiazhuang/12	
A/chicken/Taichung/150103	
A/chicken/Taichung/160400	
A/chicken/Taichung/160500	
A/chicken/Tainan/16040035	
A/chicken/Taipei_City/180	
A/chicken/Taipei_City/180	
A/chicken/Taiwan/0101/201	
A/chicken/Taiwan/0502/201	
A/chicken/Taiwan/683/2012	
A/chicken/Taiwan/1682/201	
A/chicken/Taiwan/1692/201	
A/chicken/Taiwan/1704/201	
A/chicken/Taiwan/1711/201	
A/chicken/Taiwan/2593/201	
A/chicken/Taiwan/2948/201	
A/chicken/Taiwan/4443/201	
A/chicken/Taiwan/7350/201	
A/chicken/Taiwan/8988/201	
A/chicken/Taiwan/8994/201	
A/chicken/Taiwan/8996/201	
A/chicken/Taiwan/A1/2019|	
A/chicken/Taiwan/A1997/20	
A/chicken/Taiwan/D2/2019|	
A/chicken/Taiwan/D9/2019|	
A/chicken/Taiwan/u7/2016|	
A/chicken/TC/a504/2015|EP	
A/chicken/TY/a665/2015|EP	
A/chicken/YL/A3190/2014|E	
A/chicken/Yunlin/15020048	
A/chicken/Yunlin/15040002	
A/chicken/Yunlin/15040027	
A/chicken/Yunlin/15050037	
A/chicken/Yunlin/15050039	
A/chicken/Yunlin/15060014	
A/chicken/Yunlin/15080024	
A/chicken/Yunlin/16010001	
A/chicken/Yunlin/16010008	
A/chicken/Yunlin/16050053	
A/chicken/Yunlin/17010014	
A/chicken/Yunlin/17020094	
A/chicken/Yunlin/17020095	
A/chicken/Yunlin/17030001	
A/chicken/Yunlin/17030007	
A/chicken/Yunlin/17030010	
A/chicken/Yunlin/17030014	
A/chicken/Yunlin/17030020	
A/chicken/Yunlin/17030021	
A/chicken/Yunlin/17030032	
A/chicken/Yunlin/17030065	
A/chicken/Yunlin/17040003	
A/chicken/Yunlin/17040004	
A/chicken/Yunlin/17040011	
A/chicken/Yunlin/17060019	
A/chicken/Yunlin/17070010	
A/chicken/Yunlin/18010001	
A/chicken/Yunlin/18010003	
A/chicken/Yunlin/18010023	
A/chicken/Yunlin/18020003	
A/chicken/Yunlin/18020004	
A/chicken/Yunlin/18020005	
A/chicken/Yunlin/18020008	
A/chicken/Yunlin/18030002	
A/chicken/Yunlin/18050013	
A/chicken/Yunlin/18060001	
A/chicken/Yunlin/18080006	
A/chicken/Zhejiang/194/20	
A/chicken/Zhejiang/209/20	
A/chicken/Zhejiang/217/20	
A/chicken/Zhejiang/232/20	
A/chicken/Zhejiang/7450/2	
A/chicken/Zhejiang/81643/	
A/chicken/Zhejiang/514135	
A/chicken/Zhejiang/727079	
A/chicken/Zhejiang/727159	
A/duck/Changhua/15A03431-	
A/duck/Changhua/15A03473-	
A/duck/China/YD1516/2016|	
A/duck/Eastern_China/L023	
A/duck/Eastern_China/L032	
A/duck/Eastern_China/S013	
A/duck/Eastern_China/S080	
A/duck/Hebei/3/2011|EPI_I	
A/duck/Hsinchu/15020216/2	
A/duck/Hubei/03.06__WHWTZ	
A/duck/Hubei/SZY250/2016|	
A/duck/Hunan/S4101/2011|E	
A/duck/Hunan/S4120/2011|E	
A/duck/Jiangsu/m234/2012|	
A/duck/Kaohsiung/15010213	
A/duck/Nantou/15A3437/201	
A/duck/Nantou/17A0243/201	
A/duck/Pingtung/17A0160/2	
A/duck/Pingtung/18A00003-	
A/duck/Pingtung/18A00076-	
A/duck/Pingtung/18X00077/	
A/duck/Pingtung/15010444/	
A/duck/Taichung/15010400-	
A/duck/Tainan/16010024-1/	
A/duck/Taipei/05WB830-1-5	
A/duck/Taiwan/01006/2015|	
A/duck/Taiwan/11213/2013|	
A/duck/Taiwan/11254/2013|	
A/duck/Taiwan/a043/2015|E	
A/duck/Taiwan/DV1238/2009	
A/duck/Taiwan/DV1241/2009	
A/duck/Taiwan/DV1242/2009	
A/duck/Taoyuan/16010023-1	
A/duck/Yilan/17A0092/2017	
A/duck/Yunlin/15A5019/201	
A/duck/Yunlin/17A0086/201	
A/duck/Yunlin/17A0686/201	
A/duck/Yunlin/18X00007-3/	
A/duck/Yunlin/15010244-1/	
A/duck/Yunlin/15010310-4/	
A/duck/Yunlin/15010318-2/	
A/duck/Yunlin/15010369-1/	
A/duck/Yunlin/15070002-2/	
A/duck/Yunlin/17110001/20	
A/duck/Yunlin/18060007-3/	
A/duck/Zhejiang/77138/201	
A/duck/Zhejiang/727041/20	
A/duck/Zhejiang/1026109/2	
A/Environment/Shandong/WS	
A/Environment/Shandong/WS	
A/Environment/Shandong/WS	
A/goose/Changhua/15040008	
A/goose/Chiayi/15010008-3	
A/goose/Chiayi/15010016-1	
A/goose/Chiayi/16010017-2	
A/goose/Chiayi/16040003-1	
A/goose/Chiayi/16040005/2	
A/goose/Chiayi/17020027-1	
A/goose/Chiayi/17040014/2	
A/goose/Chiayi/18010006/2	
A/goose/Chiayi/18020014-2	
A/goose/China/1106/2016|E	
A/goose/Pingtung/15010007	
A/goose/Pingtung/15010037	
A/goose/Shandong/01.01_JY	
A/goose/Shandong/01.07_JQ	
A/goose/Shandong/04.22_GT	
A/goose/Tainan/17030022-1	
A/goose/Tainan/17030024-1	
A/goose/Tainan/18010022-1	
A/goose/Tainan/18050014-1	
A/goose/Taiwan/01022/2015	
A/goose/Taiwan/01023/2015	
A/goose/Taiwan/01031/2015	
A/goose/Taiwan/01040/2015	
A/goose/Taoyuan/18120002-	
A/goose/Yunlin/15010005/2	
A/goose/Yunlin/15010009-1	
A/goose/Yunlin/15010010-2	
A/goose/Yunlin/15010011-1	
A/goose/Yunlin/16020008-4	
A/goose/Yunlin/16020011-1	
A/goose/Yunlin/16040002-2	
A/goose/Yunlin/17100005/2	
A/goose/Yunlin/18030020-2	
A/goose/Yunlin/18030020-3	
A/goose/Yunlin/18040002-3	
A/goose/Yunlin/18040018-2	
A/goose/Yunlin/18090002-3	
A/goose/Yunlin/18090006-1	
A/goose/Yunlin/18110002-3	
A/goose/Zhejiang/77166/20	
A/goose/Zhejiang/77167/20	
A/goose/Zhejiang/77168/20	
A/heron/Taiwan/17DB0001/2	
A/parrot/Guangdong/258/20	
A/Pigeon/Shandong/WS17/20	
A/Taiwan/DV413/2006|EPI_I	
A/Taiwan/DV518/2006|EPI_I	
A/thrush/Taiwan/15120021/	
A/turkey/Changhua/1601001	
A/turkey/Chiayi/18010013-	
A/turkey/Yunlin/15060049-	
A/turkey/Yunlin/18020020-	
A/turkey/Yunlin/18110001-	
A/turkey/Yunlin/18120005-	
A/whooper_swan/Henan/T578	
A/whooper_swan/Henan/T874	
A/whooper_swan/Henan/T880	
A/whooper_swan/Henan/T886	
A/whooper_swan/Henan/T888	
A/whooper_swan/Henan/Y120	
A/whooper_swan/Shanxi/SX1	
A/wildfowl/China/472/2014	
A/Taiwan/DV413/2006_H5N2|	
A/Taiwan/DV518/2006_H5N2|	
A/baikal_teal/Xianghai/42	
A/canvasback/Xianghai/428	
A/chicken/Beijing/BJ7/201	
A/chicken/CH/a556/2015_H5	
A/chicken/Changhua/150101	
A/chicken/Changhua/150102	
A/chicken/Changhua/150103	
A/chicken/Changhua/150103	
A/chicken/Changhua/150103	
A/chicken/Changhua/150103	
A/chicken/Changhua/150500	
A/chicken/Changhua/150600	
A/chicken/Changhua/150600	
A/chicken/Changhua/151200	
A/chicken/Changhua/160100	
A/chicken/Changhua/170600	
A/chicken/Changhua/180400	
A/chicken/Chiayi/15010287	
A/chicken/Chiayi/15010409	
A/chicken/Chiayi/17040009	
A/chicken/Chiayi/18120003	
A/chicken/Chiping/0321/20	
A/chicken/Eastern_China/H	
A/chicken/Eastern_China/Q	
A/chicken/GY/a451/2015_H5	
A/chicken/Hebei/1102-MA/2	
A/chicken/Hebei/1102/2010	
A/chicken/Hebei/3/2013_H5	
A/chicken/Heilongjiang/S7	
A/chicken/Henan/Q7/2013_H	
A/chicken/Hsinchu/1608000	
A/chicken/Jiangsu/1001/20	
A/chicken/Jiangsu/XZ216/2	
A/chicken/Kaohsiung/17040	
A/chicken/Kaohsiung/17100	
A/chicken/Kaohsiung/18080	
A/chicken/Kaohsiung/18080	
A/chicken/New_Taipei_City	
A/chicken/New_Taipei_City	
A/chicken/PH/A2821/2013_H	
A/chicken/PT/a158/2015_H5	
A/chicken/Pingtung/150500	
A/chicken/Pingtung/160200	
A/chicken/Pingtung/180100	
A/chicken/Pingtung/180200	
A/chicken/Qingdao/1/2014_	
A/chicken/SC/a688/2015_H5	
A/chicken/Shandong/S3/201	
A/chicken/Shijiazhuang/12	
A/chicken/TC/a504/2015_H5	
A/chicken/TY/a665/2015_H5	
A/chicken/Taichung/150103	
A/chicken/Taichung/160400	
A/chicken/Taichung/160500	
A/chicken/Tainan/16040035	
A/chicken/Taipei_City/180	
A/chicken/Taipei_City/180	
A/chicken/Taiwan/0101/201	
A/chicken/Taiwan/0502/201	
A/chicken/Taiwan/1682/201	
A/chicken/Taiwan/1692/201	
A/chicken/Taiwan/1704/201	
A/chicken/Taiwan/1711/201	
A/chicken/Taiwan/2593/201	
A/chicken/Taiwan/2948/201	
A/chicken/Taiwan/4443/201	
A/chicken/Taiwan/683/2012	
A/chicken/Taiwan/7350/201	
A/chicken/Taiwan/8988/201	
A/chicken/Taiwan/8994/201	
A/chicken/Taiwan/8996/201	
A/chicken/Taiwan/A1/2019_	
A/chicken/Taiwan/A1997/20	
A/chicken/Taiwan/D2/2019_	
A/chicken/Taiwan/D9/2019_	
A/chicken/Tibet/LZ01/2010	
A/chicken/Wuhan/WHJF/2014	
A/chicken/YL/A3190/2014_H	
A/chicken/Yunlin/15020048	
A/chicken/Yunlin/15040002	
A/chicken/Yunlin/15040027	
A/chicken/Yunlin/15050037	
A/chicken/Yunlin/15050039	
A/chicken/Yunlin/15060014	
A/chicken/Yunlin/15080024	
A/chicken/Yunlin/16010001	
A/chicken/Yunlin/16010008	
A/chicken/Yunlin/16050053	
A/chicken/Yunlin/17010014	
A/chicken/Yunlin/17020094	
A/chicken/Yunlin/17020095	
A/chicken/Yunlin/17030001	
A/chicken/Yunlin/17030007	
A/chicken/Yunlin/17030010	
A/chicken/Yunlin/17030014	
A/chicken/Yunlin/17030020	
A/chicken/Yunlin/17030021	
A/chicken/Yunlin/17030032	
A/chicken/Yunlin/17030065	
A/chicken/Yunlin/17040003	
A/chicken/Yunlin/17040004	
A/chicken/Yunlin/17040011	
A/chicken/Yunlin/17060019	
A/chicken/Yunlin/17070010	
A/chicken/Yunlin/18010001	
A/chicken/Yunlin/18010023	
A/chicken/Yunlin/18020003	
A/chicken/Yunlin/18020004	
A/chicken/Yunlin/18020005	
A/chicken/Yunlin/18020008	
A/chicken/Yunlin/18030002	
A/chicken/Yunlin/18050013	
A/chicken/Yunlin/18060001	
A/chicken/Yunlin/18080006	
A/chicken/Zhejiang/194/20	
A/chicken/Zhejiang/209/20	
A/chicken/Zhejiang/217/20	
A/chicken/Zhejiang/232/20	
A/chicken/Zhejiang/514135	
A/chicken/Zhejiang/727079	
A/chicken/Zhejiang/727159	
A/chicken/Zhejiang/7450/2	
A/chicken/Zhejiang/81643/	
A/duck/Changhua/15A03431-	
A/duck/Changhua/15A03473-	
A/duck/China/YD1516/2016_	
A/duck/Eastern_China/1111	
A/duck/Eastern_China/L023	
A/duck/Eastern_China/L032	
A/duck/Eastern_China/S013	
A/duck/Eastern_China/S080	
A/duck/Hebei/0908/2009_H5	
A/duck/Hong_Kong/342/1978	
A/duck/Hsinchu/15020216/2	
A/duck/Hubei/SZY250/2016_	
A/duck/Hunan/S4101/2011_H	
A/duck/Hunan/S4120/2011_H	
A/duck/Jiangsu/m234/2012_	
A/duck/Kaohsiung/15010213	
A/duck/Nantou/15A3437/201	
A/duck/Nantou/17A0243/201	
A/duck/Pingtung/15010444/	
A/duck/Pingtung/17A0160/2	
A/duck/Pingtung/18A00003-	
A/duck/Pingtung/18A00076-	
A/duck/Pingtung/18X00077/	
A/duck/Taichung/15010400-	
A/duck/Tainan/16010020-1/	
A/duck/Taipei/05WB830-1-5	
A/duck/Taiwan/01006/2015_	
A/duck/Taiwan/11213/2013_	
A/duck/Taiwan/11254/2013_	
A/duck/Taiwan/DV1238/2009	
A/duck/Taiwan/DV1241/2009	
A/duck/Taiwan/DV1242/2009	
A/duck/Taoyuan/16010023-1	
A/duck/Yilan/17A0092/2017	
A/duck/Yunlin/15010244-1/	
A/duck/Yunlin/15010310-4/	
A/duck/Yunlin/15010318-2/	
A/duck/Yunlin/15010369-1/	
A/duck/Yunlin/15070002-2/	
A/duck/Yunlin/15A5019/201	
A/duck/Yunlin/17110001/20	
A/duck/Yunlin/17A0086/201	
A/duck/Yunlin/17A0686/201	
A/duck/Yunlin/18060007-3/	
A/duck/Yunlin/18X00007-3/	
A/duck/Zhejiang/1026109/2	
A/duck/Zhejiang/6DK19/201	
A/duck/Zhejiang/727041/20	
A/duck/Zhejiang/77138/201	
A/goose/Changhua/15040008	
A/goose/Chiayi/15010008-3	
A/goose/Chiayi/15010016-1	
A/goose/Chiayi/16010017-2	
A/goose/Chiayi/16040003-1	
A/goose/Chiayi/16040005/2	
A/goose/Chiayi/17020027-1	
A/goose/Chiayi/17040014/2	
A/goose/Chiayi/18010006/2	
A/goose/Chiayi/18020014-1	
A/goose/Chiayi/18020014-2	
A/goose/China/1106/2016_H	
A/goose/Eastern_China/111	
A/goose/Pingtung/15010007	
A/goose/Pingtung/15010037	
A/goose/Tainan/17030022-1	
A/goose/Tainan/17030024-1	
A/goose/Tainan/18010022-1	
A/goose/Tainan/18050014-1	
A/goose/Taiwan/01022/2015	
A/goose/Taiwan/01023/2015	
A/goose/Taiwan/01031/2015	
A/goose/Taiwan/01040/2015	
A/goose/Taoyuan/18120002-	
A/goose/Yunlin/15010005/2	
A/goose/Yunlin/15010009-1	
A/goose/Yunlin/15010010-2	
A/goose/Yunlin/15010011-1	
A/goose/Yunlin/15010029-1	
A/goose/Yunlin/16020008-4	
A/goose/Yunlin/16020011-1	
A/goose/Yunlin/16040002-2	
A/goose/Yunlin/17100005/2	
A/goose/Yunlin/18030020-2	
A/goose/Yunlin/18030020-3	
A/goose/Yunlin/18040002-3	
A/goose/Yunlin/18040018-2	
A/goose/Yunlin/18090002-3	
A/goose/Yunlin/18090006-1	
A/goose/Yunlin/18110002-3	
A/goose/Zhejiang/77166/20	
A/goose/Zhejiang/77167/20	
A/goose/Zhejiang/77168/20	
A/green-winged_teal/Xiang	
A/heron/Yilan/17DB0001/20	
A/little_grebe/Xianghai/4	
A/night_heron/Taiwan/A289	
A/parrot/Guangdong/258/20	
A/spot-billed_duck/Xiangh	
A/thrush/Taipei_City/1512	
A/thrush/Taiwan/A234/2015	
A/turkey/Changhua/1601001	
A/turkey/Chiayi/18010013-	
A/turkey/Yunlin/15060049-	
A/turkey/Yunlin/18020020-	
A/turkey/Yunlin/18110001-	
A/turkey/Yunlin/18120005-	
A/chicken/Beijing/BJ7/201	
A/chicken/CH/a556/2015|EP	
A/chicken/Changhua/150101	
A/chicken/Changhua/150102	
A/chicken/Changhua/150103	
A/chicken/Changhua/150103	
A/chicken/Changhua/150103	
A/chicken/Changhua/150103	
A/chicken/Changhua/150500	
A/chicken/Changhua/150600	
A/chicken/Changhua/150600	
A/chicken/Changhua/151200	
A/chicken/Changhua/160100	
A/chicken/Changhua/170600	
A/chicken/Changhua/180400	
A/chicken/Chiayi/15010287	
A/chicken/Chiayi/15010409	
A/chicken/Chiayi/17040009	
A/chicken/Chiayi/18120003	
A/chicken/Chiping/0321/20	
A/chicken/GY/a451/2015|EP	
A/chicken/Hebei/3/2013|EP	
A/chicken/Heilongjiang/S7	
A/chicken/Henan/Q7/2013|E	
A/chicken/Hsinchu/1608000	
A/chicken/Jiangsu/1001/20	
A/chicken/Jiangsu/XZ216/2	
A/chicken/Kaohsiung/17040	
A/chicken/Kaohsiung/17100	
A/chicken/Kaohsiung/18080	
A/chicken/Kaohsiung/18080	
A/chicken/New_Taipei_City	
A/chicken/New_Taipei_City	
A/chicken/PH/A2821/2013|E	
A/chicken/Pingtung/150500	
A/chicken/Pingtung/160200	
A/chicken/Pingtung/180100	
A/chicken/Pingtung/180200	
A/chicken/PT/a158/2015|EP	
A/chicken/Qingdao/1/2014|	
A/chicken/SC/a688/2015|EP	
A/chicken/Shandong/S3/201	
A/chicken/Shijiazhuang/12	
A/chicken/Taichung/150103	
A/chicken/Taichung/160400	
A/chicken/Taichung/160500	
A/chicken/Tainan/16040035	
A/chicken/Taipei_City/180	
A/chicken/Taipei_City/180	
A/chicken/Taiwan/0101/201	
A/chicken/Taiwan/0502/201	
A/chicken/Taiwan/683/2012	
A/chicken/Taiwan/1682/201	
A/chicken/Taiwan/1692/201	
A/chicken/Taiwan/1704/201	
A/chicken/Taiwan/1711/201	
A/chicken/Taiwan/2593/201	
A/chicken/Taiwan/2948/201	
A/chicken/Taiwan/4443/201	
A/chicken/Taiwan/7350/201	
A/chicken/Taiwan/8988/201	
A/chicken/Taiwan/8994/201	
A/chicken/Taiwan/8996/201	
A/chicken/Taiwan/A1/2019|	
A/chicken/Taiwan/A1997/20	
A/chicken/Taiwan/D2/2019|	
A/chicken/Taiwan/D9/2019|	
A/chicken/Taiwan/u7/2016|	
A/chicken/TC/a504/2015|EP	
A/chicken/TY/a665/2015|EP	
A/chicken/YL/A3190/2014|E	
A/chicken/Yunlin/15020048	
A/chicken/Yunlin/15040002	
A/chicken/Yunlin/15040027	
A/chicken/Yunlin/15050037	
A/chicken/Yunlin/15050039	
A/chicken/Yunlin/15060014	
A/chicken/Yunlin/15080024	
A/chicken/Yunlin/16010001	
A/chicken/Yunlin/16010008	
A/chicken/Yunlin/16050053	
A/chicken/Yunlin/17010014	
A/chicken/Yunlin/17020094	
A/chicken/Yunlin/17020095	
A/chicken/Yunlin/17030001	
A/chicken/Yunlin/17030007	
A/chicken/Yunlin/17030010	
A/chicken/Yunlin/17030014	
A/chicken/Yunlin/17030020	
A/chicken/Yunlin/17030021	
A/chicken/Yunlin/17030032	
A/chicken/Yunlin/17030065	
A/chicken/Yunlin/17040003	
A/chicken/Yunlin/17040004	
A/chicken/Yunlin/17040011	
A/chicken/Yunlin/17060019	
A/chicken/Yunlin/17070010	
A/chicken/Yunlin/18010001	
A/chicken/Yunlin/18010003	
A/chicken/Yunlin/18010023	
A/chicken/Yunlin/18020003	
A/chicken/Yunlin/18020004	
A/chicken/Yunlin/18020005	
A/chicken/Yunlin/18020008	
A/chicken/Yunlin/18030002	
A/chicken/Yunlin/18050013	
A/chicken/Yunlin/18060001	
A/chicken/Yunlin/18080006	
A/chicken/Zhejiang/194/20	
A/chicken/Zhejiang/209/20	
A/chicken/Zhejiang/217/20	
A/chicken/Zhejiang/232/20	
A/chicken/Zhejiang/7450/2	
A/chicken/Zhejiang/81643/	
A/chicken/Zhejiang/514135	
A/chicken/Zhejiang/727079	
A/chicken/Zhejiang/727159	
A/duck/Changhua/15A03431-	
A/duck/Changhua/15A03473-	
A/duck/China/YD1516/2016|	
A/duck/Eastern_China/L023	
A/duck/Eastern_China/L032	
A/duck/Eastern_China/S013	
A/duck/Eastern_China/S080	
A/duck/Hebei/3/2011|EPI_I	
A/duck/Hsinchu/15020216/2	
A/duck/Hubei/03.06__WHWTZ	
A/duck/Hubei/SZY250/2016|	
A/duck/Hunan/S4101/2011|E	
A/duck/Hunan/S4120/2011|E	
A/duck/Jiangsu/m234/2012|	
A/duck/Kaohsiung/15010213	
A/duck/Nantou/15A3437/201	
A/duck/Nantou/17A0243/201	
A/duck/Pingtung/17A0160/2	
A/duck/Pingtung/18A00003-	
A/duck/Pingtung/18A00076-	
A/duck/Pingtung/18X00077/	
A/duck/Pingtung/15010444/	
A/duck/Taichung/15010400-	
A/duck/Tainan/16010024-1/	
A/duck/Taipei/05WB830-1-5	
A/duck/Taiwan/01006/2015|	
A/duck/Taiwan/11213/2013|	
A/duck/Taiwan/11254/2013|	
A/duck/Taiwan/a043/2015|E	
A/duck/Taiwan/DV1238/2009	
A/duck/Taiwan/DV1241/2009	
A/duck/Taiwan/DV1242/2009	
A/duck/Taoyuan/16010023-1	
A/duck/Yilan/17A0092/2017	
A/duck/Yunlin/15A5019/201	
A/duck/Yunlin/17A0086/201	
A/duck/Yunlin/17A0686/201	
A/duck/Yunlin/18X00007-3/	
A/duck/Yunlin/15010244-1/	
A/duck/Yunlin/15010310-4/	
A/duck/Yunlin/15010318-2/	
A/duck/Yunlin/15010369-1/	
A/duck/Yunlin/15070002-2/	
A/duck/Yunlin/17110001/20	
A/duck/Yunlin/18060007-3/	
A/duck/Zhejiang/77138/201	
A/duck/Zhejiang/727041/20	
A/duck/Zhejiang/1026109/2	
A/Environment/Shandong/WS	
A/Environment/Shandong/WS	
A/Environment/Shandong/WS	
A/goose/Changhua/15040008	
A/goose/Chiayi/15010008-3	
A/goose/Chiayi/15010016-1	
A/goose/Chiayi/16010017-2	
A/goose/Chiayi/16040003-1	
A/goose/Chiayi/16040005/2	
A/goose/Chiayi/17020027-1	
A/goose/Chiayi/17040014/2	
A/goose/Chiayi/18010006/2	
A/goose/Chiayi/18020014-2	
A/goose/China/1106/2016|E	
A/goose/Pingtung/15010007	
A/goose/Pingtung/15010037	
A/goose/Shandong/01.01_JY	
A/goose/Shandong/01.07_JQ	
A/goose/Shandong/04.22_GT	
A/goose/Tainan/17030022-1	
A/goose/Tainan/17030024-1	
A/goose/Tainan/18010022-1	
A/goose/Tainan/18050014-1	
A/goose/Taiwan/01022/2015	
A/goose/Taiwan/01023/2015	
A/goose/Taiwan/01031/2015	
A/goose/Taiwan/01040/2015	
A/goose/Taoyuan/18120002-	
A/goose/Yunlin/15010005/2	
A/goose/Yunlin/15010009-1	
A/goose/Yunlin/15010010-2	
A/goose/Yunlin/15010011-1	
A/goose/Yunlin/16020008-4	
A/goose/Yunlin/16020011-1	
A/goose/Yunlin/16040002-2	
A/goose/Yunlin/17100005/2	
A/goose/Yunlin/18030020-2	
A/goose/Yunlin/18030020-3	
A/goose/Yunlin/18040002-3	
A/goose/Yunlin/18040018-2	
A/goose/Yunlin/18090002-3	
A/goose/Yunlin/18090006-1	
A/goose/Yunlin/18110002-3	
A/goose/Zhejiang/77166/20	
A/goose/Zhejiang/77167/20	
A/goose/Zhejiang/77168/20	
A/heron/Taiwan/17DB0001/2	
A/parrot/Guangdong/258/20	
A/Pigeon/Shandong/WS17/20	
A/Taiwan/DV413/2006|EPI_I	
A/Taiwan/DV518/2006|EPI_I	
A/thrush/Taiwan/15120021/	
A/turkey/Changhua/1601001	
A/turkey/Chiayi/18010013-	
A/turkey/Yunlin/15060049-	
A/turkey/Yunlin/18020020-	
A/turkey/Yunlin/18110001-	
A/turkey/Yunlin/18120005-	
A/whooper_swan/Henan/T578	
A/whooper_swan/Henan/T874	
A/whooper_swan/Henan/T880	
A/whooper_swan/Henan/T886	
A/whooper_swan/Henan/T888	
A/whooper_swan/Henan/Y120	
A/whooper_swan/Shanxi/SX1	
A/wildfowl/China/472/2014	
A/Taiwan/DV413/2006_H5N2|	
A/Taiwan/DV518/2006_H5N2|	
A/baikal_teal/Xianghai/42	
A/canvasback/Xianghai/428	
A/chicken/Beijing/BJ7/201	
A/chicken/CH/a556/2015_H5	
A/chicken/Changhua/150101	
A/chicken/Changhua/150102	
A/chicken/Changhua/150103	
A/chicken/Changhua/150103	
A/chicken/Changhua/150103	
A/chicken/Changhua/150103	
A/chicken/Changhua/150500	
A/chicken/Changhua/150600	
A/chicken/Changhua/150600	
A/chicken/Changhua/151200	
A/chicken/Changhua/160100	
A/chicken/Changhua/170600	
A/chicken/Changhua/180400	
A/chicken/Chiayi/15010287	
A/chicken/Chiayi/15010409	
A/chicken/Chiayi/17040009	
A/chicken/Chiayi/18120003	
A/chicken/Chiping/0321/20	
A/chicken/Eastern_China/H	
A/chicken/Eastern_China/Q	
A/chicken/GY/a451/2015_H5	
A/chicken/Hebei/1102-MA/2	
A/chicken/Hebei/1102/2010	
A/chicken/Hebei/3/2013_H5	
A/chicken/Heilongjiang/S7	
A/chicken/Henan/Q7/2013_H	
A/chicken/Hsinchu/1608000	
A/chicken/Jiangsu/1001/20	
A/chicken/Jiangsu/XZ216/2	
A/chicken/Kaohsiung/17040	
A/chicken/Kaohsiung/17100	
A/chicken/Kaohsiung/18080	
A/chicken/Kaohsiung/18080	
A/chicken/New_Taipei_City	
A/chicken/New_Taipei_City	
A/chicken/PH/A2821/2013_H	
A/chicken/PT/a158/2015_H5	
A/chicken/Pingtung/150500	
A/chicken/Pingtung/160200	
A/chicken/Pingtung/180100	
A/chicken/Pingtung/180200	
A/chicken/Qingdao/1/2014_	
A/chicken/SC/a688/2015_H5	
A/chicken/Shandong/S3/201	
A/chicken/Shijiazhuang/12	
A/chicken/TC/a504/2015_H5	
A/chicken/TY/a665/2015_H5	
A/chicken/Taichung/150103	
A/chicken/Taichung/160400	
A/chicken/Taichung/160500	
A/chicken/Tainan/16040035	
A/chicken/Taipei_City/180	
A/chicken/Taipei_City/180	
A/chicken/Taiwan/0101/201	
A/chicken/Taiwan/0502/201	
A/chicken/Taiwan/1682/201	
A/chicken/Taiwan/1692/201	
A/chicken/Taiwan/1704/201	
A/chicken/Taiwan/1711/201	
A/chicken/Taiwan/2593/201	
A/chicken/Taiwan/2948/201	
A/chicken/Taiwan/4443/201	
A/chicken/Taiwan/683/2012	
A/chicken/Taiwan/7350/201	
A/chicken/Taiwan/8988/201	
A/chicken/Taiwan/8994/201	
A/chicken/Taiwan/8996/201	
A/chicken/Taiwan/A1/2019_	
A/chicken/Taiwan/A1997/20	
A/chicken/Taiwan/D2/2019_	
A/chicken/Taiwan/D9/2019_	
A/chicken/Tibet/LZ01/2010	
A/chicken/Wuhan/WHJF/2014	
A/chicken/YL/A3190/2014_H	
A/chicken/Yunlin/15020048	
A/chicken/Yunlin/15040002	
A/chicken/Yunlin/15040027	
A/chicken/Yunlin/15050037	
A/chicken/Yunlin/15050039	
A/chicken/Yunlin/15060014	
A/chicken/Yunlin/15080024	
A/chicken/Yunlin/16010001	
A/chicken/Yunlin/16010008	
A/chicken/Yunlin/16050053	
A/chicken/Yunlin/17010014	
A/chicken/Yunlin/17020094	
A/chicken/Yunlin/17020095	
A/chicken/Yunlin/17030001	
A/chicken/Yunlin/17030007	
A/chicken/Yunlin/17030010	
A/chicken/Yunlin/17030014	
A/chicken/Yunlin/17030020	
A/chicken/Yunlin/17030021	
A/chicken/Yunlin/17030032	
A/chicken/Yunlin/17030065	
A/chicken/Yunlin/17040003	
A/chicken/Yunlin/17040004	
A/chicken/Yunlin/17040011	
A/chicken/Yunlin/17060019	
A/chicken/Yunlin/17070010	
A/chicken/Yunlin/18010001	
A/chicken/Yunlin/18010023	
A/chicken/Yunlin/18020003	
A/chicken/Yunlin/18020004	
A/chicken/Yunlin/18020005	
A/chicken/Yunlin/18020008	
A/chicken/Yunlin/18030002	
A/chicken/Yunlin/18050013	
A/chicken/Yunlin/18060001	
A/chicken/Yunlin/18080006	
A/chicken/Zhejiang/194/20	
A/chicken/Zhejiang/209/20	
A/chicken/Zhejiang/217/20	
A/chicken/Zhejiang/232/20	
A/chicken/Zhejiang/514135	
A/chicken/Zhejiang/727079	
A/chicken/Zhejiang/727159	
A/chicken/Zhejiang/7450/2	
A/chicken/Zhejiang/81643/	
A/duck/Changhua/15A03431-	
A/duck/Changhua/15A03473-	
A/duck/China/YD1516/2016_	
A/duck/Eastern_China/1111	
A/duck/Eastern_China/L023	
A/duck/Eastern_China/L032	
A/duck/Eastern_China/S013	
A/duck/Eastern_China/S080	
A/duck/Hebei/0908/2009_H5	
A/duck/Hong_Kong/342/1978	
A/duck/Hsinchu/15020216/2	
A/duck/Hubei/SZY250/2016_	
A/duck/Hunan/S4101/2011_H	
A/duck/Hunan/S4120/2011_H	
A/duck/Jiangsu/m234/2012_	
A/duck/Kaohsiung/15010213	
A/duck/Nantou/15A3437/201	
A/duck/Nantou/17A0243/201	
A/duck/Pingtung/15010444/	
A/duck/Pingtung/17A0160/2	
A/duck/Pingtung/18A00003-	
A/duck/Pingtung/18A00076-	
A/duck/Pingtung/18X00077/	
A/duck/Taichung/15010400-	
A/duck/Tainan/16010020-1/	
A/duck/Taipei/05WB830-1-5	
A/duck/Taiwan/01006/2015_	
A/duck/Taiwan/11213/2013_	
A/duck/Taiwan/11254/2013_	
A/duck/Taiwan/DV1238/2009	
A/duck/Taiwan/DV1241/2009	
A/duck/Taiwan/DV1242/2009	
A/duck/Taoyuan/16010023-1	
A/duck/Yilan/17A0092/2017	
A/duck/Yunlin/15010244-1/	
A/duck/Yunlin/15010310-4/	
A/duck/Yunlin/15010318-2/	
A/duck/Yunlin/15010369-1/	
A/duck/Yunlin/15070002-2/	
A/duck/Yunlin/15A5019/201	
A/duck/Yunlin/17110001/20	
A/duck/Yunlin/17A0086/201	
A/duck/Yunlin/17A0686/201	
A/duck/Yunlin/18060007-3/	
A/duck/Yunlin/18X00007-3/	
A/duck/Zhejiang/1026109/2	
A/duck/Zhejiang/6DK19/201	
A/duck/Zhejiang/727041/20	
A/duck/Zhejiang/77138/201	
A/goose/Changhua/15040008	
A/goose/Chiayi/15010008-3	
A/goose/Chiayi/15010016-1	
A/goose/Chiayi/16010017-2	
A/goose/Chiayi/16040003-1	
A/goose/Chiayi/16040005/2	
A/goose/Chiayi/17020027-1	
A/goose/Chiayi/17040014/2	
A/goose/Chiayi/18010006/2	
A/goose/Chiayi/18020014-1	
A/goose/Chiayi/18020014-2	
A/goose/China/1106/2016_H	
A/goose/Eastern_China/111	
A/goose/Pingtung/15010007	
A/goose/Pingtung/15010037	
A/goose/Tainan/17030022-1	
A/goose/Tainan/17030024-1	
A/goose/Tainan/18010022-1	
A/goose/Tainan/18050014-1	
A/goose/Taiwan/01022/2015	
A/goose/Taiwan/01023/2015	
A/goose/Taiwan/01031/2015	
A/goose/Taiwan/01040/2015	
A/goose/Taoyuan/18120002-	
A/goose/Yunlin/15010005/2	
A/goose/Yunlin/15010009-1	
A/goose/Yunlin/15010010-2	
A/goose/Yunlin/15010011-1	
A/goose/Yunlin/15010029-1	
A/goose/Yunlin/16020008-4	
A/goose/Yunlin/16020011-1	
A/goose/Yunlin/16040002-2	
A/goose/Yunlin/17100005/2	
A/goose/Yunlin/18030020-2	
A/goose/Yunlin/18030020-3	
A/goose/Yunlin/18040002-3	
A/goose/Yunlin/18040018-2	
A/goose/Yunlin/18090002-3	
A/goose/Yunlin/18090006-1	
A/goose/Yunlin/18110002-3	
A/goose/Zhejiang/77166/20	
A/goose/Zhejiang/77167/20	
A/goose/Zhejiang/77168/20	
A/green-winged_teal/Xiang	
A/heron/Yilan/17DB0001/20	
A/little_grebe/Xianghai/4	
A/night_heron/Taiwan/A289	
A/parrot/Guangdong/258/20	
A/spot-billed_duck/Xiangh	
A/thrush/Taipei_City/1512	
A/thrush/Taiwan/A234/2015	
A/turkey/Changhua/1601001	
A/turkey/Chiayi/18010013-	
A/turkey/Yunlin/15060049-	
A/turkey/Yunlin/18020020-	
A/turkey/Yunlin/18110001-	
A/turkey/Yunlin/18120005-	
A/chicken/Beijing/BJ7/201	
A/chicken/CH/a556/2015|EP	
A/chicken/Changhua/150101	
A/chicken/Changhua/150102	
A/chicken/Changhua/150103	
A/chicken/Changhua/150103	
A/chicken/Changhua/150103	
A/chicken/Changhua/150103	
A/chicken/Changhua/150500	
A/chicken/Changhua/150600	
A/chicken/Changhua/150600	
A/chicken/Changhua/151200	
A/chicken/Changhua/160100	
A/chicken/Changhua/170600	
A/chicken/Changhua/180400	
A/chicken/Chiayi/15010287	
A/chicken/Chiayi/15010409	
A/chicken/Chiayi/17040009	
A/chicken/Chiayi/18120003	
A/chicken/Chiping/0321/20	
A/chicken/GY/a451/2015|EP	
A/chicken/Hebei/3/2013|EP	
A/chicken/Heilongjiang/S7	
A/chicken/Henan/Q7/2013|E	
A/chicken/Hsinchu/1608000	
A/chicken/Jiangsu/1001/20	
A/chicken/Jiangsu/XZ216/2	
A/chicken/Kaohsiung/17040	
A/chicken/Kaohsiung/17100	
A/chicken/Kaohsiung/18080	
A/chicken/Kaohsiung/18080	
A/chicken/New_Taipei_City	
A/chicken/New_Taipei_City	
A/chicken/PH/A2821/2013|E	
A/chicken/Pingtung/150500	
A/chicken/Pingtung/160200	
A/chicken/Pingtung/180100	
A/chicken/Pingtung/180200	
A/chicken/PT/a158/2015|EP	
A/chicken/Qingdao/1/2014|	
A/chicken/SC/a688/2015|EP	
A/chicken/Shandong/S3/201	
A/chicken/Shijiazhuang/12	
A/chicken/Taichung/150103	
A/chicken/Taichung/160400	
A/chicken/Taichung/160500	
A/chicken/Tainan/16040035	
A/chicken/Taipei_City/180	
A/chicken/Taipei_City/180	
A/chicken/Taiwan/0101/201	
A/chicken/Taiwan/0502/201	
A/chicken/Taiwan/683/2012	
A/chicken/Taiwan/1682/201	
A/chicken/Taiwan/1692/201	
A/chicken/Taiwan/1704/201	
A/chicken/Taiwan/1711/201	
A/chicken/Taiwan/2593/201	
A/chicken/Taiwan/2948/201	
A/chicken/Taiwan/4443/201	
A/chicken/Taiwan/7350/201	
A/chicken/Taiwan/8988/201	
A/chicken/Taiwan/8994/201	
A/chicken/Taiwan/8996/201	
A/chicken/Taiwan/A1/2019|	
A/chicken/Taiwan/A1997/20	
A/chicken/Taiwan/D2/2019|	
A/chicken/Taiwan/D9/2019|	
A/chicken/Taiwan/u7/2016|	
A/chicken/TC/a504/2015|EP	
A/chicken/TY/a665/2015|EP	
A/chicken/YL/A3190/2014|E	
A/chicken/Yunlin/15020048	
A/chicken/Yunlin/15040002	
A/chicken/Yunlin/15040027	
A/chicken/Yunlin/15050037	
A/chicken/Yunlin/15050039	
A/chicken/Yunlin/15060014	
A/chicken/Yunlin/15080024	
A/chicken/Yunlin/16010001	
A/chicken/Yunlin/16010008	
A/chicken/Yunlin/16050053	
A/chicken/Yunlin/17010014	
A/chicken/Yunlin/17020094	
A/chicken/Yunlin/17020095	
A/chicken/Yunlin/17030001	
A/chicken/Yunlin/17030007	
A/chicken/Yunlin/17030010	
A/chicken/Yunlin/17030014	
A/chicken/Yunlin/17030020	
A/chicken/Yunlin/17030021	
A/chicken/Yunlin/17030032	
A/chicken/Yunlin/17030065	
A/chicken/Yunlin/17040003	
A/chicken/Yunlin/17040004	
A/chicken/Yunlin/17040011	
A/chicken/Yunlin/17060019	
A/chicken/Yunlin/17070010	
A/chicken/Yunlin/18010001	
A/chicken/Yunlin/18010003	
A/chicken/Yunlin/18010023	
A/chicken/Yunlin/18020003	
A/chicken/Yunlin/18020004	
A/chicken/Yunlin/18020005	
A/chicken/Yunlin/18020008	
A/chicken/Yunlin/18030002	
A/chicken/Yunlin/18050013	
A/chicken/Yunlin/18060001	
A/chicken/Yunlin/18080006	
A/chicken/Zhejiang/194/20	
A/chicken/Zhejiang/209/20	
A/chicken/Zhejiang/217/20	
A/chicken/Zhejiang/232/20	
A/chicken/Zhejiang/7450/2	
A/chicken/Zhejiang/81643/	
A/chicken/Zhejiang/514135	
A/chicken/Zhejiang/727079	
A/chicken/Zhejiang/727159	
A/duck/Changhua/15A03431-	
A/duck/Changhua/15A03473-	
A/duck/China/YD1516/2016|	
A/duck/Eastern_China/L023	
A/duck/Eastern_China/L032	
A/duck/Eastern_China/S013	
A/duck/Eastern_China/S080	
A/duck/Hebei/3/2011|EPI_I	
A/duck/Hsinchu/15020216/2	
A/duck/Hubei/03.06__WHWTZ	
A/duck/Hubei/SZY250/2016|	
A/duck/Hunan/S4101/2011|E	
A/duck/Hunan/S4120/2011|E	
A/duck/Jiangsu/m234/2012|	
A/duck/Kaohsiung/15010213	
A/duck/Nantou/15A3437/201	
A/duck/Nantou/17A0243/201	
A/duck/Pingtung/17A0160/2	
A/duck/Pingtung/18A00003-	
A/duck/Pingtung/18A00076-	
A/duck/Pingtung/18X00077/	
A/duck/Pingtung/15010444/	
A/duck/Taichung/15010400-	
A/duck/Tainan/16010024-1/	
A/duck/Taipei/05WB830-1-5	
A/duck/Taiwan/01006/2015|	
A/duck/Taiwan/11213/2013|	
A/duck/Taiwan/11254/2013|	
A/duck/Taiwan/a043/2015|E	
A/duck/Taiwan/DV1238/2009	
A/duck/Taiwan/DV1241/2009	
A/duck/Taiwan/DV1242/2009	
A/duck/Taoyuan/16010023-1	
A/duck/Yilan/17A0092/2017	
A/duck/Yunlin/15A5019/201	
A/duck/Yunlin/17A0086/201	
A/duck/Yunlin/17A0686/201	
A/duck/Yunlin/18X00007-3/	
A/duck/Yunlin/15010244-1/	
A/duck/Yunlin/15010310-4/	
A/duck/Yunlin/15010318-2/	
A/duck/Yunlin/15010369-1/	
A/duck/Yunlin/15070002-2/	
A/duck/Yunlin/17110001/20	
A/duck/Yunlin/18060007-3/	
A/duck/Zhejiang/77138/201	
A/duck/Zhejiang/727041/20	
A/duck/Zhejiang/1026109/2	
A/Environment/Shandong/WS	
A/Environment/Shandong/WS	
A/Environment/Shandong/WS	
A/goose/Changhua/15040008	
A/goose/Chiayi/15010008-3	
A/goose/Chiayi/15010016-1	
A/goose/Chiayi/16010017-2	
A/goose/Chiayi/16040003-1	
A/goose/Chiayi/16040005/2	
A/goose/Chiayi/17020027-1	
A/goose/Chiayi/17040014/2	
A/goose/Chiayi/18010006/2	
A/goose/Chiayi/18020014-2	
A/goose/China/1106/2016|E	
A/goose/Pingtung/15010007	
A/goose/Pingtung/15010037	
A/goose/Shandong/01.01_JY	
A/goose/Shandong/01.07_JQ	
A/goose/Shandong/04.22_GT	
A/goose/Tainan/17030022-1	
A/goose/Tainan/17030024-1	
A/goose/Tainan/18010022-1	
A/goose/Tainan/18050014-1	
A/goose/Taiwan/01022/2015	
A/goose/Taiwan/01023/2015	
A/goose/Taiwan/01031/2015	
A/goose/Taiwan/01040/2015	
A/goose/Taoyuan/18120002-	
A/goose/Yunlin/15010005/2	
A/goose/Yunlin/15010009-1	
A/goose/Yunlin/15010010-2	
A/goose/Yunlin/15010011-1	
A/goose/Yunlin/16020008-4	
A/goose/Yunlin/16020011-1	
A/goose/Yunlin/16040002-2	
A/goose/Yunlin/17100005/2	
A/goose/Yunlin/18030020-2	
A/goose/Yunlin/18030020-3	
A/goose/Yunlin/18040002-3	
A/goose/Yunlin/18040018-2	
A/goose/Yunlin/18090002-3	
A/goose/Yunlin/18090006-1	
A/goose/Yunlin/18110002-3	
A/goose/Zhejiang/77166/20	
A/goose/Zhejiang/77167/20	
A/goose/Zhejiang/77168/20	
A/heron/Taiwan/17DB0001/2	
A/parrot/Guangdong/258/20	
A/Pigeon/Shandong/WS17/20	
A/Taiwan/DV413/2006|EPI_I	
A/Taiwan/DV518/2006|EPI_I	
A/thrush/Taiwan/15120021/	
A/turkey/Changhua/1601001	
A/turkey/Chiayi/18010013-	
A/turkey/Yunlin/15060049-	
A/turkey/Yunlin/18020020-	
A/turkey/Yunlin/18110001-	
A/turkey/Yunlin/18120005-	
A/whooper_swan/Henan/T578	
A/whooper_swan/Henan/T874	
A/whooper_swan/Henan/T880	
A/whooper_swan/Henan/T886	
A/whooper_swan/Henan/T888	
A/whooper_swan/Henan/Y120	
A/whooper_swan/Shanxi/SX1	
A/wildfowl/China/472/2014	
A/Taiwan/DV413/2006_H5N2|	
A/Taiwan/DV518/2006_H5N2|	
A/baikal_teal/Xianghai/42	
A/canvasback/Xianghai/428	
A/chicken/Beijing/BJ7/201	
A/chicken/CH/a556/2015_H5	
A/chicken/Changhua/150101	
A/chicken/Changhua/150102	
A/chicken/Changhua/150103	
A/chicken/Changhua/150103	
A/chicken/Changhua/150103	
A/chicken/Changhua/150103	
A/chicken/Changhua/150500	
A/chicken/Changhua/150600	
A/chicken/Changhua/150600	
A/chicken/Changhua/151200	
A/chicken/Changhua/160100	
A/chicken/Changhua/170600	
A/chicken/Changhua/180400	
A/chicken/Chiayi/15010287	
A/chicken/Chiayi/15010409	
A/chicken/Chiayi/17040009	
A/chicken/Chiayi/18120003	
A/chicken/Chiping/0321/20	
A/chicken/Eastern_China/H	
A/chicken/Eastern_China/Q	
A/chicken/GY/a451/2015_H5	
A/chicken/Hebei/1102-MA/2	
A/chicken/Hebei/1102/2010	
A/chicken/Hebei/3/2013_H5	
A/chicken/Heilongjiang/S7	
A/chicken/Henan/Q7/2013_H	
A/chicken/Hsinchu/1608000	
A/chicken/Jiangsu/1001/20	
A/chicken/Jiangsu/XZ216/2	
A/chicken/Kaohsiung/17040	
A/chicken/Kaohsiung/17100	
A/chicken/Kaohsiung/18080	
A/chicken/Kaohsiung/18080	
A/chicken/New_Taipei_City	
A/chicken/New_Taipei_City	
A/chicken/PH/A2821/2013_H	
A/chicken/PT/a158/2015_H5	
A/chicken/Pingtung/150500	
A/chicken/Pingtung/160200	
A/chicken/Pingtung/180100	
A/chicken/Pingtung/180200	
A/chicken/Qingdao/1/2014_	
A/chicken/SC/a688/2015_H5	
A/chicken/Shandong/S3/201	
A/chicken/Shijiazhuang/12	
A/chicken/TC/a504/2015_H5	
A/chicken/TY/a665/2015_H5	
A/chicken/Taichung/150103	
A/chicken/Taichung/160400	
A/chicken/Taichung/160500	
A/chicken/Tainan/16040035	
A/chicken/Taipei_City/180	
A/chicken/Taipei_City/180	
A/chicken/Taiwan/0101/201	
A/chicken/Taiwan/0502/201	
A/chicken/Taiwan/1682/201	
A/chicken/Taiwan/1692/201	
A/chicken/Taiwan/1704/201	
A/chicken/Taiwan/1711/201	
A/chicken/Taiwan/2593/201	
A/chicken/Taiwan/2948/201	
A/chicken/Taiwan/4443/201	
A/chicken/Taiwan/683/2012	
A/chicken/Taiwan/7350/201	
A/chicken/Taiwan/8988/201	
A/chicken/Taiwan/8994/201	
A/chicken/Taiwan/8996/201	
A/chicken/Taiwan/A1/2019_	
A/chicken/Taiwan/A1997/20	
A/chicken/Taiwan/D2/2019_	
A/chicken/Taiwan/D9/2019_	
A/chicken/Tibet/LZ01/2010	
A/chicken/Wuhan/WHJF/2014	
A/chicken/YL/A3190/2014_H	
A/chicken/Yunlin/15020048	
A/chicken/Yunlin/15040002	
A/chicken/Yunlin/15040027	
A/chicken/Yunlin/15050037	
A/chicken/Yunlin/15050039	
A/chicken/Yunlin/15060014	
A/chicken/Yunlin/15080024	
A/chicken/Yunlin/16010001	
A/chicken/Yunlin/16010008	
A/chicken/Yunlin/16050053	
A/chicken/Yunlin/17010014	
A/chicken/Yunlin/17020094	
A/chicken/Yunlin/17020095	
A/chicken/Yunlin/17030001	
A/chicken/Yunlin/17030007	
A/chicken/Yunlin/17030010	
A/chicken/Yunlin/17030014	
A/chicken/Yunlin/17030020	
A/chicken/Yunlin/17030021	
A/chicken/Yunlin/17030032	
A/chicken/Yunlin/17030065	
A/chicken/Yunlin/17040003	
A/chicken/Yunlin/17040004	
A/chicken/Yunlin/17040011	
A/chicken/Yunlin/17060019	
A/chicken/Yunlin/17070010	
A/chicken/Yunlin/18010001	
A/chicken/Yunlin/18010023	
A/chicken/Yunlin/18020003	
A/chicken/Yunlin/18020004	
A/chicken/Yunlin/18020005	
A/chicken/Yunlin/18020008	
A/chicken/Yunlin/18030002	
A/chicken/Yunlin/18050013	
A/chicken/Yunlin/18060001	
A/chicken/Yunlin/18080006	
A/chicken/Zhejiang/194/20	
A/chicken/Zhejiang/209/20	
A/chicken/Zhejiang/217/20	
A/chicken/Zhejiang/232/20	
A/chicken/Zhejiang/514135	
A/chicken/Zhejiang/727079	
A/chicken/Zhejiang/727159	
A/chicken/Zhejiang/7450/2	
A/chicken/Zhejiang/81643/	
A/duck/Changhua/15A03431-	
A/duck/Changhua/15A03473-	
A/duck/China/YD1516/2016_	
A/duck/Eastern_China/1111	
A/duck/Eastern_China/L023	
A/duck/Eastern_China/L032	
A/duck/Eastern_China/S013	
A/duck/Eastern_China/S080	
A/duck/Hebei/0908/2009_H5	
A/duck/Hong_Kong/342/1978	
A/duck/Hsinchu/15020216/2	
A/duck/Hubei/SZY250/2016_	
A/duck/Hunan/S4101/2011_H	
A/duck/Hunan/S4120/2011_H	
A/duck/Jiangsu/m234/2012_	
A/duck/Kaohsiung/15010213	
A/duck/Nantou/15A3437/201	
A/duck/Nantou/17A0243/201	
A/duck/Pingtung/15010444/	
A/duck/Pingtung/17A0160/2	
A/duck/Pingtung/18A00003-	
A/duck/Pingtung/18A00076-	
A/duck/Pingtung/18X00077/	
A/duck/Taichung/15010400-	
A/duck/Tainan/16010020-1/	
A/duck/Taipei/05WB830-1-5	
A/duck/Taiwan/01006/2015_	
A/duck/Taiwan/11213/2013_	
A/duck/Taiwan/11254/2013_	
A/duck/Taiwan/DV1238/2009	
A/duck/Taiwan/DV1241/2009	
A/duck/Taiwan/DV1242/2009	
A/duck/Taoyuan/16010023-1	
A/duck/Yilan/17A0092/2017	
A/duck/Yunlin/15010244-1/	
A/duck/Yunlin/15010310-4/	
A/duck/Yunlin/15010318-2/	
A/duck/Yunlin/15010369-1/	
A/duck/Yunlin/15070002-2/	
A/duck/Yunlin/15A5019/201	
A/duck/Yunlin/17110001/20	
A/duck/Yunlin/17A0086/201	
A/duck/Yunlin/17A0686/201	
A/duck/Yunlin/18060007-3/	
A/duck/Yunlin/18X00007-3/	
A/duck/Zhejiang/1026109/2	
A/duck/Zhejiang/6DK19/201	
A/duck/Zhejiang/727041/20	
A/duck/Zhejiang/77138/201	
A/goose/Changhua/15040008	
A/goose/Chiayi/15010008-3	
A/goose/Chiayi/15010016-1	
A/goose/Chiayi/16010017-2	
A/goose/Chiayi/16040003-1	
A/goose/Chiayi/16040005/2	
A/goose/Chiayi/17020027-1	
A/goose/Chiayi/17040014/2	
A/goose/Chiayi/18010006/2	
A/goose/Chiayi/18020014-1	
A/goose/Chiayi/18020014-2	
A/goose/China/1106/2016_H	
A/goose/Eastern_China/111	
A/goose/Pingtung/15010007	
A/goose/Pingtung/15010037	
A/goose/Tainan/17030022-1	
A/goose/Tainan/17030024-1	
A/goose/Tainan/18010022-1	
A/goose/Tainan/18050014-1	
A/goose/Taiwan/01022/2015	
A/goose/Taiwan/01023/2015	
A/goose/Taiwan/01031/2015	
A/goose/Taiwan/01040/2015	
A/goose/Taoyuan/18120002-	
A/goose/Yunlin/15010005/2	
A/goose/Yunlin/15010009-1	
A/goose/Yunlin/15010010-2	
A/goose/Yunlin/15010011-1	
A/goose/Yunlin/15010029-1	
A/goose/Yunlin/16020008-4	
A/goose/Yunlin/16020011-1	
A/goose/Yunlin/16040002-2	
A/goose/Yunlin/17100005/2	
A/goose/Yunlin/18030020-2	
A/goose/Yunlin/18030020-3	
A/goose/Yunlin/18040002-3	
A/goose/Yunlin/18040018-2	
A/goose/Yunlin/18090002-3	
A/goose/Yunlin/18090006-1	
A/goose/Yunlin/18110002-3	
A/goose/Zhejiang/77166/20	
A/goose/Zhejiang/77167/20	
A/goose/Zhejiang/77168/20	
A/green-winged_teal/Xiang	
A/heron/Yilan/17DB0001/20	
A/little_grebe/Xianghai/4	
A/night_heron/Taiwan/A289	
A/parrot/Guangdong/258/20	
A/spot-billed_duck/Xiangh	
A/thrush/Taipei_City/1512	
A/thrush/Taiwan/A234/2015	
A/turkey/Changhua/1601001	
A/turkey/Chiayi/18010013-	
A/turkey/Yunlin/15060049-	
A/turkey/Yunlin/18020020-	
A/turkey/Yunlin/18110001-	
A/turkey/Yunlin/18120005-	
A/chicken/Beijing/BJ7/201	
A/chicken/CH/a556/2015|EP	
A/chicken/Changhua/150101	
A/chicken/Changhua/150102	
A/chicken/Changhua/150103	
A/chicken/Changhua/150103	
A/chicken/Changhua/150103	
A/chicken/Changhua/150103	
A/chicken/Changhua/150500	
A/chicken/Changhua/150600	
A/chicken/Changhua/150600	
A/chicken/Changhua/151200	
A/chicken/Changhua/160100	
A/chicken/Changhua/170600	
A/chicken/Changhua/180400	
A/chicken/Chiayi/15010287	
A/chicken/Chiayi/15010409	
A/chicken/Chiayi/17040009	
A/chicken/Chiayi/18120003	
A/chicken/Chiping/0321/20	
A/chicken/GY/a451/2015|EP	
A/chicken/Hebei/3/2013|EP	
A/chicken/Heilongjiang/S7	
A/chicken/Henan/Q7/2013|E	
A/chicken/Hsinchu/1608000	
A/chicken/Jiangsu/1001/20	
A/chicken/Jiangsu/XZ216/2	
A/chicken/Kaohsiung/17040	
A/chicken/Kaohsiung/17100	
A/chicken/Kaohsiung/18080	
A/chicken/Kaohsiung/18080	
A/chicken/New_Taipei_City	
A/chicken/New_Taipei_City	
A/chicken/PH/A2821/2013|E	
A/chicken/Pingtung/150500	
A/chicken/Pingtung/160200	
A/chicken/Pingtung/180100	
A/chicken/Pingtung/180200	
A/chicken/PT/a158/2015|EP	
A/chicken/Qingdao/1/2014|	
A/chicken/SC/a688/2015|EP	
A/chicken/Shandong/S3/201	
A/chicken/Shijiazhuang/12	
A/chicken/Taichung/150103	
A/chicken/Taichung/160400	
A/chicken/Taichung/160500	
A/chicken/Tainan/16040035	
A/chicken/Taipei_City/180	
A/chicken/Taipei_City/180	
A/chicken/Taiwan/0101/201	
A/chicken/Taiwan/0502/201	
A/chicken/Taiwan/683/2012	
A/chicken/Taiwan/1682/201	
A/chicken/Taiwan/1692/201	
A/chicken/Taiwan/1704/201	
A/chicken/Taiwan/1711/201	
A/chicken/Taiwan/2593/201	
A/chicken/Taiwan/2948/201	
A/chicken/Taiwan/4443/201	
A/chicken/Taiwan/7350/201	
A/chicken/Taiwan/8988/201	
A/chicken/Taiwan/8994/201	
A/chicken/Taiwan/8996/201	
A/chicken/Taiwan/A1/2019|	
A/chicken/Taiwan/A1997/20	
A/chicken/Taiwan/D2/2019|	
A/chicken/Taiwan/D9/2019|	
A/chicken/Taiwan/u7/2016|	
A/chicken/TC/a504/2015|EP	
A/chicken/TY/a665/2015|EP	
A/chicken/YL/A3190/2014|E	
A/chicken/Yunlin/15020048	
A/chicken/Yunlin/15040002	
A/chicken/Yunlin/15040027	
A/chicken/Yunlin/15050037	
A/chicken/Yunlin/15050039	
A/chicken/Yunlin/15060014	
A/chicken/Yunlin/15080024	
A/chicken/Yunlin/16010001	
A/chicken/Yunlin/16010008	
A/chicken/Yunlin/16050053	
A/chicken/Yunlin/17010014	
A/chicken/Yunlin/17020094	
A/chicken/Yunlin/17020095	
A/chicken/Yunlin/17030001	
A/chicken/Yunlin/17030007	
A/chicken/Yunlin/17030010	
A/chicken/Yunlin/17030014	
A/chicken/Yunlin/17030020	
A/chicken/Yunlin/17030021	
A/chicken/Yunlin/17030032	
A/chicken/Yunlin/17030065	
A/chicken/Yunlin/17040003	
A/chicken/Yunlin/17040004	
A/chicken/Yunlin/17040011	
A/chicken/Yunlin/17060019	
A/chicken/Yunlin/17070010	
A/chicken/Yunlin/18010001	
A/chicken/Yunlin/18010003	
A/chicken/Yunlin/18010023	
A/chicken/Yunlin/18020003	
A/chicken/Yunlin/18020004	
A/chicken/Yunlin/18020005	
A/chicken/Yunlin/18020008	
A/chicken/Yunlin/18030002	
A/chicken/Yunlin/18050013	
A/chicken/Yunlin/18060001	
A/chicken/Yunlin/18080006	
A/chicken/Zhejiang/194/20	
A/chicken/Zhejiang/209/20	
A/chicken/Zhejiang/217/20	
A/chicken/Zhejiang/232/20	
A/chicken/Zhejiang/7450/2	
A/chicken/Zhejiang/81643/	
A/chicken/Zhejiang/514135	
A/chicken/Zhejiang/727079	
A/chicken/Zhejiang/727159	
A/duck/Changhua/15A03431-	
A/duck/Changhua/15A03473-	
A/duck/China/YD1516/2016|	
A/duck/Eastern_China/L023	
A/duck/Eastern_China/L032	
A/duck/Eastern_China/S013	
A/duck/Eastern_China/S080	
A/duck/Hebei/3/2011|EPI_I	
A/duck/Hsinchu/15020216/2	
A/duck/Hubei/03.06__WHWTZ	
A/duck/Hubei/SZY250/2016|	
A/duck/Hunan/S4101/2011|E	
A/duck/Hunan/S4120/2011|E	
A/duck/Jiangsu/m234/2012|	
A/duck/Kaohsiung/15010213	
A/duck/Nantou/15A3437/201	
A/duck/Nantou/17A0243/201	
A/duck/Pingtung/17A0160/2	
A/duck/Pingtung/18A00003-	
A/duck/Pingtung/18A00076-	
A/duck/Pingtung/18X00077/	
A/duck/Pingtung/15010444/	
A/duck/Taichung/15010400-	
A/duck/Tainan/16010024-1/	
A/duck/Taipei/05WB830-1-5	
A/duck/Taiwan/01006/2015|	
A/duck/Taiwan/11213/2013|	
A/duck/Taiwan/11254/2013|	
A/duck/Taiwan/a043/2015|E	
A/duck/Taiwan/DV1238/2009	
A/duck/Taiwan/DV1241/2009	
A/duck/Taiwan/DV1242/2009	
A/duck/Taoyuan/16010023-1	
A/duck/Yilan/17A0092/2017	
A/duck/Yunlin/15A5019/201	
A/duck/Yunlin/17A0086/201	
A/duck/Yunlin/17A0686/201	
A/duck/Yunlin/18X00007-3/	
A/duck/Yunlin/15010244-1/	
A/duck/Yunlin/15010310-4/	
A/duck/Yunlin/15010318-2/	
A/duck/Yunlin/15010369-1/	
A/duck/Yunlin/15070002-2/	
A/duck/Yunlin/17110001/20	
A/duck/Yunlin/18060007-3/	
A/duck/Zhejiang/77138/201	
A/duck/Zhejiang/727041/20	
A/duck/Zhejiang/1026109/2	
A/Environment/Shandong/WS	
A/Environment/Shandong/WS	
A/Environment/Shandong/WS	
A/goose/Changhua/15040008	
A/goose/Chiayi/15010008-3	
A/goose/Chiayi/15010016-1	
A/goose/Chiayi/16010017-2	
A/goose/Chiayi/16040003-1	
A/goose/Chiayi/16040005/2	
A/goose/Chiayi/17020027-1	
A/goose/Chiayi/17040014/2	
A/goose/Chiayi/18010006/2	
A/goose/Chiayi/18020014-2	
A/goose/China/1106/2016|E	
A/goose/Pingtung/15010007	
A/goose/Pingtung/15010037	
A/goose/Shandong/01.01_JY	
A/goose/Shandong/01.07_JQ	
A/goose/Shandong/04.22_GT	
A/goose/Tainan/17030022-1	
A/goose/Tainan/17030024-1	
A/goose/Tainan/18010022-1	
A/goose/Tainan/18050014-1	
A/goose/Taiwan/01022/2015	
A/goose/Taiwan/01023/2015	
A/goose/Taiwan/01031/2015	
A/goose/Taiwan/01040/2015	
A/goose/Taoyuan/18120002-	
A/goose/Yunlin/15010005/2	
A/goose/Yunlin/15010009-1	
A/goose/Yunlin/15010010-2	
A/goose/Yunlin/15010011-1	
A/goose/Yunlin/16020008-4	
A/goose/Yunlin/16020011-1	
A/goose/Yunlin/16040002-2	
A/goose/Yunlin/17100005/2	
A/goose/Yunlin/18030020-2	
A/goose/Yunlin/18030020-3	
A/goose/Yunlin/18040002-3	
A/goose/Yunlin/18040018-2	
A/goose/Yunlin/18090002-3	
A/goose/Yunlin/18090006-1	
A/goose/Yunlin/18110002-3	
A/goose/Zhejiang/77166/20	
A/goose/Zhejiang/77167/20	
A/goose/Zhejiang/77168/20	
A/heron/Taiwan/17DB0001/2	
A/parrot/Guangdong/258/20	
A/Pigeon/Shandong/WS17/20	
A/Taiwan/DV413/2006|EPI_I	
A/Taiwan/DV518/2006|EPI_I	
A/thrush/Taiwan/15120021/	
A/turkey/Changhua/1601001	
A/turkey/Chiayi/18010013-	
A/turkey/Yunlin/15060049-	
A/turkey/Yunlin/18020020-	
A/turkey/Yunlin/18110001-	
A/turkey/Yunlin/18120005-	
A/whooper_swan/Henan/T578	
A/whooper_swan/Henan/T874	
A/whooper_swan/Henan/T880	
A/whooper_swan/Henan/T886	
A/whooper_swan/Henan/T888	
A/whooper_swan/Henan/Y120	
A/whooper_swan/Shanxi/SX1	
A/wildfowl/China/472/2014	
A/Taiwan/DV413/2006_H5N2|	
A/Taiwan/DV518/2006_H5N2|	
A/baikal_teal/Xianghai/42	
A/canvasback/Xianghai/428	
A/chicken/Beijing/BJ7/201	
A/chicken/CH/a556/2015_H5	
A/chicken/Changhua/150101	
A/chicken/Changhua/150102	
A/chicken/Changhua/150103	
A/chicken/Changhua/150103	
A/chicken/Changhua/150103	
A/chicken/Changhua/150103	
A/chicken/Changhua/150500	
A/chicken/Changhua/150600	
A/chicken/Changhua/150600	
A/chicken/Changhua/151200	
A/chicken/Changhua/160100	
A/chicken/Changhua/170600	
A/chicken/Changhua/180400	
A/chicken/Chiayi/15010287	
A/chicken/Chiayi/15010409	
A/chicken/Chiayi/17040009	
A/chicken/Chiayi/18120003	
A/chicken/Chiping/0321/20	
A/chicken/Eastern_China/H	
A/chicken/Eastern_China/Q	
A/chicken/GY/a451/2015_H5	
A/chicken/Hebei/1102-MA/2	
A/chicken/Hebei/1102/2010	
A/chicken/Hebei/3/2013_H5	
A/chicken/Heilongjiang/S7	
A/chicken/Henan/Q7/2013_H	
A/chicken/Hsinchu/1608000	
A/chicken/Jiangsu/1001/20	
A/chicken/Jiangsu/XZ216/2	
A/chicken/Kaohsiung/17040	
A/chicken/Kaohsiung/17100	
A/chicken/Kaohsiung/18080	
A/chicken/Kaohsiung/18080	
A/chicken/New_Taipei_City	
A/chicken/New_Taipei_City	
A/chicken/PH/A2821/2013_H	
A/chicken/PT/a158/2015_H5	
A/chicken/Pingtung/150500	
A/chicken/Pingtung/160200	
A/chicken/Pingtung/180100	
A/chicken/Pingtung/180200	
A/chicken/Qingdao/1/2014_	
A/chicken/SC/a688/2015_H5	
A/chicken/Shandong/S3/201	
A/chicken/Shijiazhuang/12	
A/chicken/TC/a504/2015_H5	
A/chicken/TY/a665/2015_H5	
A/chicken/Taichung/150103	
A/chicken/Taichung/160400	
A/chicken/Taichung/160500	
A/chicken/Tainan/16040035	
A/chicken/Taipei_City/180	
A/chicken/Taipei_City/180	
A/chicken/Taiwan/0101/201	
A/chicken/Taiwan/0502/201	
A/chicken/Taiwan/1682/201	
A/chicken/Taiwan/1692/201	
A/chicken/Taiwan/1704/201	
A/chicken/Taiwan/1711/201	
A/chicken/Taiwan/2593/201	
A/chicken/Taiwan/2948/201	
A/chicken/Taiwan/4443/201	
A/chicken/Taiwan/683/2012	
A/chicken/Taiwan/7350/201	
A/chicken/Taiwan/8988/201	
A/chicken/Taiwan/8994/201	
A/chicken/Taiwan/8996/201	
A/chicken/Taiwan/A1/2019_	
A/chicken/Taiwan/A1997/20	
A/chicken/Taiwan/D2/2019_	
A/chicken/Taiwan/D9/2019_	
A/chicken/Tibet/LZ01/2010	
A/chicken/Wuhan/WHJF/2014	
A/chicken/YL/A3190/2014_H	
A/chicken/Yunlin/15020048	
A/chicken/Yunlin/15040002	
A/chicken/Yunlin/15040027	
A/chicken/Yunlin/15050037	
A/chicken/Yunlin/15050039	
A/chicken/Yunlin/15060014	
A/chicken/Yunlin/15080024	
A/chicken/Yunlin/16010001	
A/chicken/Yunlin/16010008	
A/chicken/Yunlin/16050053	
A/chicken/Yunlin/17010014	
A/chicken/Yunlin/17020094	
A/chicken/Yunlin/17020095	
A/chicken/Yunlin/17030001	
A/chicken/Yunlin/17030007	
A/chicken/Yunlin/17030010	
A/chicken/Yunlin/17030014	
A/chicken/Yunlin/17030020	
A/chicken/Yunlin/17030021	
A/chicken/Yunlin/17030032	
A/chicken/Yunlin/17030065	
A/chicken/Yunlin/17040003	
A/chicken/Yunlin/17040004	
A/chicken/Yunlin/17040011	
A/chicken/Yunlin/17060019	
A/chicken/Yunlin/17070010	
A/chicken/Yunlin/18010001	
A/chicken/Yunlin/18010023	
A/chicken/Yunlin/18020003	
A/chicken/Yunlin/18020004	
A/chicken/Yunlin/18020005	
A/chicken/Yunlin/18020008	
A/chicken/Yunlin/18030002	
A/chicken/Yunlin/18050013	
A/chicken/Yunlin/18060001	
A/chicken/Yunlin/18080006	
A/chicken/Zhejiang/194/20	
A/chicken/Zhejiang/209/20	
A/chicken/Zhejiang/217/20	
A/chicken/Zhejiang/232/20	
A/chicken/Zhejiang/514135	
A/chicken/Zhejiang/727079	
A/chicken/Zhejiang/727159	
A/chicken/Zhejiang/7450/2	
A/chicken/Zhejiang/81643/	
A/duck/Changhua/15A03431-	
A/duck/Changhua/15A03473-	
A/duck/China/YD1516/2016_	
A/duck/Eastern_China/1111	
A/duck/Eastern_China/L023	
A/duck/Eastern_China/L032	
A/duck/Eastern_China/S013	
A/duck/Eastern_China/S080	
A/duck/Hebei/0908/2009_H5	
A/duck/Hong_Kong/342/1978	
A/duck/Hsinchu/15020216/2	
A/duck/Hubei/SZY250/2016_	
A/duck/Hunan/S4101/2011_H	
A/duck/Hunan/S4120/2011_H	
A/duck/Jiangsu/m234/2012_	
A/duck/Kaohsiung/15010213	
A/duck/Nantou/15A3437/201	
A/duck/Nantou/17A0243/201	
A/duck/Pingtung/15010444/	
A/duck/Pingtung/17A0160/2	
A/duck/Pingtung/18A00003-	
A/duck/Pingtung/18A00076-	
A/duck/Pingtung/18X00077/	
A/duck/Taichung/15010400-	
A/duck/Tainan/16010020-1/	
A/duck/Taipei/05WB830-1-5	
A/duck/Taiwan/01006/2015_	
A/duck/Taiwan/11213/2013_	
A/duck/Taiwan/11254/2013_	
A/duck/Taiwan/DV1238/2009	
A/duck/Taiwan/DV1241/2009	
A/duck/Taiwan/DV1242/2009	
A/duck/Taoyuan/16010023-1	
A/duck/Yilan/17A0092/2017	
A/duck/Yunlin/15010244-1/	
A/duck/Yunlin/15010310-4/	
A/duck/Yunlin/15010318-2/	
A/duck/Yunlin/15010369-1/	
A/duck/Yunlin/15070002-2/	
A/duck/Yunlin/15A5019/201	
A/duck/Yunlin/17110001/20	
A/duck/Yunlin/17A0086/201	
A/duck/Yunlin/17A0686/201	
A/duck/Yunlin/18060007-3/	
A/duck/Yunlin/18X00007-3/	
A/duck/Zhejiang/1026109/2	
A/duck/Zhejiang/6DK19/201	
A/duck/Zhejiang/727041/20	
A/duck/Zhejiang/77138/201	
A/goose/Changhua/15040008	
A/goose/Chiayi/15010008-3	
A/goose/Chiayi/15010016-1	
A/goose/Chiayi/16010017-2	
A/goose/Chiayi/16040003-1	
A/goose/Chiayi/16040005/2	
A/goose/Chiayi/17020027-1	
A/goose/Chiayi/17040014/2	
A/goose/Chiayi/18010006/2	
A/goose/Chiayi/18020014-1	
A/goose/Chiayi/18020014-2	
A/goose/China/1106/2016_H	
A/goose/Eastern_China/111	
A/goose/Pingtung/15010007	
A/goose/Pingtung/15010037	
A/goose/Tainan/17030022-1	
A/goose/Tainan/17030024-1	
A/goose/Tainan/18010022-1	
A/goose/Tainan/18050014-1	
A/goose/Taiwan/01022/2015	
A/goose/Taiwan/01023/2015	
A/goose/Taiwan/01031/2015	
A/goose/Taiwan/01040/2015	
A/goose/Taoyuan/18120002-	
A/goose/Yunlin/15010005/2	
A/goose/Yunlin/15010009-1	
A/goose/Yunlin/15010010-2	
A/goose/Yunlin/15010011-1	
A/goose/Yunlin/15010029-1	
A/goose/Yunlin/16020008-4	
A/goose/Yunlin/16020011-1	
A/goose/Yunlin/16040002-2	
A/goose/Yunlin/17100005/2	
A/goose/Yunlin/18030020-2	
A/goose/Yunlin/18030020-3	
A/goose/Yunlin/18040002-3	
A/goose/Yunlin/18040018-2	
A/goose/Yunlin/18090002-3	
A/goose/Yunlin/18090006-1	
A/goose/Yunlin/18110002-3	
A/goose/Zhejiang/77166/20	
A/goose/Zhejiang/77167/20	
A/goose/Zhejiang/77168/20	
A/green-winged_teal/Xiang	
A/heron/Yilan/17DB0001/20	
A/little_grebe/Xianghai/4	
A/night_heron/Taiwan/A289	
A/parrot/Guangdong/258/20	
A/spot-billed_duck/Xiangh	
A/thrush/Taipei_City/1512	
A/thrush/Taiwan/A234/2015	
A/turkey/Changhua/1601001	
A/turkey/Chiayi/18010013-	
A/turkey/Yunlin/15060049-	
A/turkey/Yunlin/18020020-	
A/turkey/Yunlin/18110001-	
A/turkey/Yunlin/18120005-	
A/chicken/Beijing/BJ7/201	
A/chicken/CH/a556/2015|EP	
A/chicken/Changhua/150101	
A/chicken/Changhua/150102	
A/chicken/Changhua/150103	
A/chicken/Changhua/150103	
A/chicken/Changhua/150103	
A/chicken/Changhua/150103	
A/chicken/Changhua/150500	
A/chicken/Changhua/150600	
A/chicken/Changhua/150600	
A/chicken/Changhua/151200	
A/chicken/Changhua/160100	
A/chicken/Changhua/170600	
A/chicken/Changhua/180400	
A/chicken/Chiayi/15010287	
A/chicken/Chiayi/15010409	
A/chicken/Chiayi/17040009	
A/chicken/Chiayi/18120003	
A/chicken/Chiping/0321/20	
A/chicken/GY/a451/2015|EP	
A/chicken/Hebei/3/2013|EP	
A/chicken/Heilongjiang/S7	
A/chicken/Henan/Q7/2013|E	
A/chicken/Hsinchu/1608000	
A/chicken/Jiangsu/1001/20	
A/chicken/Jiangsu/XZ216/2	
A/chicken/Kaohsiung/17040	
A/chicken/Kaohsiung/17100	
A/chicken/Kaohsiung/18080	
A/chicken/Kaohsiung/18080	
A/chicken/New_Taipei_City	
A/chicken/New_Taipei_City	
A/chicken/PH/A2821/2013|E	
A/chicken/Pingtung/150500	
A/chicken/Pingtung/160200	
A/chicken/Pingtung/180100	
A/chicken/Pingtung/180200	
A/chicken/PT/a158/2015|EP	
A/chicken/Qingdao/1/2014|	
A/chicken/SC/a688/2015|EP	
A/chicken/Shandong/S3/201	
A/chicken/Shijiazhuang/12	
A/chicken/Taichung/150103	
A/chicken/Taichung/160400	
A/chicken/Taichung/160500	
A/chicken/Tainan/16040035	
A/chicken/Taipei_City/180	
A/chicken/Taipei_City/180	
A/chicken/Taiwan/0101/201	
A/chicken/Taiwan/0502/201	
A/chicken/Taiwan/683/2012	
A/chicken/Taiwan/1682/201	
A/chicken/Taiwan/1692/201	
A/chicken/Taiwan/1704/201	
A/chicken/Taiwan/1711/201	
A/chicken/Taiwan/2593/201	
A/chicken/Taiwan/2948/201	
A/chicken/Taiwan/4443/201	
A/chicken/Taiwan/7350/201	
A/chicken/Taiwan/8988/201	
A/chicken/Taiwan/8994/201	
A/chicken/Taiwan/8996/201	
A/chicken/Taiwan/A1/2019|	
A/chicken/Taiwan/A1997/20	
A/chicken/Taiwan/D2/2019|	
A/chicken/Taiwan/D9/2019|	
A/chicken/Taiwan/u7/2016|	
A/chicken/TC/a504/2015|EP	
A/chicken/TY/a665/2015|EP	
A/chicken/YL/A3190/2014|E	
A/chicken/Yunlin/15020048	
A/chicken/Yunlin/15040002	
A/chicken/Yunlin/15040027	
A/chicken/Yunlin/15050037	
A/chicken/Yunlin/15050039	
A/chicken/Yunlin/15060014	
A/chicken/Yunlin/15080024	
A/chicken/Yunlin/16010001	
A/chicken/Yunlin/16010008	
A/chicken/Yunlin/16050053	
A/chicken/Yunlin/17010014	
A/chicken/Yunlin/17020094	
A/chicken/Yunlin/17020095	
A/chicken/Yunlin/17030001	
A/chicken/Yunlin/17030007	
A/chicken/Yunlin/17030010	
A/chicken/Yunlin/17030014	
A/chicken/Yunlin/17030020	
A/chicken/Yunlin/17030021	
A/chicken/Yunlin/17030032	
A/chicken/Yunlin/17030065	
A/chicken/Yunlin/17040003	
A/chicken/Yunlin/17040004	
A/chicken/Yunlin/17040011	
A/chicken/Yunlin/17060019	
A/chicken/Yunlin/17070010	
A/chicken/Yunlin/18010001	
A/chicken/Yunlin/18010003	
A/chicken/Yunlin/18010023	
A/chicken/Yunlin/18020003	
A/chicken/Yunlin/18020004	
A/chicken/Yunlin/18020005	
A/chicken/Yunlin/18020008	
A/chicken/Yunlin/18030002	
A/chicken/Yunlin/18050013	
A/chicken/Yunlin/18060001	
A/chicken/Yunlin/18080006	
A/chicken/Zhejiang/194/20	
A/chicken/Zhejiang/209/20	
A/chicken/Zhejiang/217/20	
A/chicken/Zhejiang/232/20	
A/chicken/Zhejiang/7450/2	
A/chicken/Zhejiang/81643/	
A/chicken/Zhejiang/514135	
A/chicken/Zhejiang/727079	
A/chicken/Zhejiang/727159	
A/duck/Changhua/15A03431-	
A/duck/Changhua/15A03473-	
A/duck/China/YD1516/2016|	
A/duck/Eastern_China/L023	
A/duck/Eastern_China/L032	
A/duck/Eastern_China/S013	
A/duck/Eastern_China/S080	
A/duck/Hebei/3/2011|EPI_I	
A/duck/Hsinchu/15020216/2	
A/duck/Hubei/03.06__WHWTZ	
A/duck/Hubei/SZY250/2016|	
A/duck/Hunan/S4101/2011|E	
A/duck/Hunan/S4120/2011|E	
A/duck/Jiangsu/m234/2012|	
A/duck/Kaohsiung/15010213	
A/duck/Nantou/15A3437/201	
A/duck/Nantou/17A0243/201	
A/duck/Pingtung/17A0160/2	
A/duck/Pingtung/18A00003-	
A/duck/Pingtung/18A00076-	
A/duck/Pingtung/18X00077/	
A/duck/Pingtung/15010444/	
A/duck/Taichung/15010400-	
A/duck/Tainan/16010024-1/	
A/duck/Taipei/05WB830-1-5	
A/duck/Taiwan/01006/2015|	
A/duck/Taiwan/11213/2013|	
A/duck/Taiwan/11254/2013|	
A/duck/Taiwan/a043/2015|E	
A/duck/Taiwan/DV1238/2009	
A/duck/Taiwan/DV1241/2009	
A/duck/Taiwan/DV1242/2009	
A/duck/Taoyuan/16010023-1	
A/duck/Yilan/17A0092/2017	
A/duck/Yunlin/15A5019/201	
A/duck/Yunlin/17A0086/201	
A/duck/Yunlin/17A0686/201	
A/duck/Yunlin/18X00007-3/	
A/duck/Yunlin/15010244-1/	
A/duck/Yunlin/15010310-4/	
A/duck/Yunlin/15010318-2/	
A/duck/Yunlin/15010369-1/	
A/duck/Yunlin/15070002-2/	
A/duck/Yunlin/17110001/20	
A/duck/Yunlin/18060007-3/	
A/duck/Zhejiang/77138/201	
A/duck/Zhejiang/727041/20	
A/duck/Zhejiang/1026109/2	
A/Environment/Shandong/WS	
A/Environment/Shandong/WS	
A/Environment/Shandong/WS	
A/goose/Changhua/15040008	
A/goose/Chiayi/15010008-3	
A/goose/Chiayi/15010016-1	
A/goose/Chiayi/16010017-2	
A/goose/Chiayi/16040003-1	
A/goose/Chiayi/16040005/2	
A/goose/Chiayi/17020027-1	
A/goose/Chiayi/17040014/2	
A/goose/Chiayi/18010006/2	
A/goose/Chiayi/18020014-2	
A/goose/China/1106/2016|E	
A/goose/Pingtung/15010007	
A/goose/Pingtung/15010037	
A/goose/Shandong/01.01_JY	
A/goose/Shandong/01.07_JQ	
A/goose/Shandong/04.22_GT	
A/goose/Tainan/17030022-1	
A/goose/Tainan/17030024-1	
A/goose/Tainan/18010022-1	
A/goose/Tainan/18050014-1	
A/goose/Taiwan/01022/2015	
A/goose/Taiwan/01023/2015	
A/goose/Taiwan/01031/2015	
A/goose/Taiwan/01040/2015	
A/goose/Taoyuan/18120002-	
A/goose/Yunlin/15010005/2	
A/goose/Yunlin/15010009-1	
A/goose/Yunlin/15010010-2	
A/goose/Yunlin/15010011-1	
A/goose/Yunlin/16020008-4	
A/goose/Yunlin/16020011-1	
A/goose/Yunlin/16040002-2	
A/goose/Yunlin/17100005/2	
A/goose/Yunlin/18030020-2	
A/goose/Yunlin/18030020-3	
A/goose/Yunlin/18040002-3	
A/goose/Yunlin/18040018-2	
A/goose/Yunlin/18090002-3	
A/goose/Yunlin/18090006-1	
A/goose/Yunlin/18110002-3	
A/goose/Zhejiang/77166/20	
A/goose/Zhejiang/77167/20	
A/goose/Zhejiang/77168/20	
A/heron/Taiwan/17DB0001/2	
A/parrot/Guangdong/258/20	
A/Pigeon/Shandong/WS17/20	
A/Taiwan/DV413/2006|EPI_I	
A/Taiwan/DV518/2006|EPI_I	
A/thrush/Taiwan/15120021/	
A/turkey/Changhua/1601001	
A/turkey/Chiayi/18010013-	
A/turkey/Yunlin/15060049-	
A/turkey/Yunlin/18020020-	
A/turkey/Yunlin/18110001-	
A/turkey/Yunlin/18120005-	
A/whooper_swan/Henan/T578	
A/whooper_swan/Henan/T874	
A/whooper_swan/Henan/T880	
A/whooper_swan/Henan/T886	
A/whooper_swan/Henan/T888	
A/whooper_swan/Henan/Y120	
A/whooper_swan/Shanxi/SX1	
A/wildfowl/China/472/2014	
A/Taiwan/DV413/2006_H5N2|	
A/Taiwan/DV518/2006_H5N2|	
A/baikal_teal/Xianghai/42	
A/canvasback/Xianghai/428	
A/chicken/Beijing/BJ7/201	
A/chicken/CH/a556/2015_H5	
A/chicken/Changhua/150101	
A/chicken/Changhua/150102	
A/chicken/Changhua/150103	
A/chicken/Changhua/150103	
A/chicken/Changhua/150103	
A/chicken/Changhua/150103	
A/chicken/Changhua/150500	
A/chicken/Changhua/150600	
A/chicken/Changhua/150600	
A/chicken/Changhua/151200	
A/chicken/Changhua/160100	
A/chicken/Changhua/170600	
A/chicken/Changhua/180400	
A/chicken/Chiayi/15010287	
A/chicken/Chiayi/15010409	
A/chicken/Chiayi/17040009	
A/chicken/Chiayi/18120003	
A/chicken/Chiping/0321/20	
A/chicken/Eastern_China/H	
A/chicken/Eastern_China/Q	
A/chicken/GY/a451/2015_H5	
A/chicken/Hebei/1102-MA/2	
A/chicken/Hebei/1102/2010	
A/chicken/Hebei/3/2013_H5	
A/chicken/Heilongjiang/S7	
A/chicken/Henan/Q7/2013_H	
A/chicken/Hsinchu/1608000	
A/chicken/Jiangsu/1001/20	
A/chicken/Jiangsu/XZ216/2	
A/chicken/Kaohsiung/17040	
A/chicken/Kaohsiung/17100	
A/chicken/Kaohsiung/18080	
A/chicken/Kaohsiung/18080	
A/chicken/New_Taipei_City	
A/chicken/New_Taipei_City	
A/chicken/PH/A2821/2013_H	
A/chicken/PT/a158/2015_H5	
A/chicken/Pingtung/150500	
A/chicken/Pingtung/160200	
A/chicken/Pingtung/180100	
A/chicken/Pingtung/180200	
A/chicken/Qingdao/1/2014_	
A/chicken/SC/a688/2015_H5	
A/chicken/Shandong/S3/201	
A/chicken/Shijiazhuang/12	
A/chicken/TC/a504/2015_H5	
A/chicken/TY/a665/2015_H5	
A/chicken/Taichung/150103	
A/chicken/Taichung/160400	
A/chicken/Taichung/160500	
A/chicken/Tainan/16040035	
A/chicken/Taipei_City/180	
A/chicken/Taipei_City/180	
A/chicken/Taiwan/0101/201	
A/chicken/Taiwan/0502/201	
A/chicken/Taiwan/1682/201	
A/chicken/Taiwan/1692/201	
A/chicken/Taiwan/1704/201	
A/chicken/Taiwan/1711/201	
A/chicken/Taiwan/2593/201	
A/chicken/Taiwan/2948/201	
A/chicken/Taiwan/4443/201	
A/chicken/Taiwan/683/2012	
A/chicken/Taiwan/7350/201	
A/chicken/Taiwan/8988/201	
A/chicken/Taiwan/8994/201	
A/chicken/Taiwan/8996/201	
A/chicken/Taiwan/A1/2019_	
A/chicken/Taiwan/A1997/20	
A/chicken/Taiwan/D2/2019_	
A/chicken/Taiwan/D9/2019_	
A/chicken/Tibet/LZ01/2010	
A/chicken/Wuhan/WHJF/2014	
A/chicken/YL/A3190/2014_H	
A/chicken/Yunlin/15020048	
A/chicken/Yunlin/15040002	
A/chicken/Yunlin/15040027	
A/chicken/Yunlin/15050037	
A/chicken/Yunlin/15050039	
A/chicken/Yunlin/15060014	
A/chicken/Yunlin/15080024	
A/chicken/Yunlin/16010001	
A/chicken/Yunlin/16010008	
A/chicken/Yunlin/16050053	
A/chicken/Yunlin/17010014	
A/chicken/Yunlin/17020094	
A/chicken/Yunlin/17020095	
A/chicken/Yunlin/17030001	
A/chicken/Yunlin/17030007	
A/chicken/Yunlin/17030010	
A/chicken/Yunlin/17030014	
A/chicken/Yunlin/17030020	
A/chicken/Yunlin/17030021	
A/chicken/Yunlin/17030032	
A/chicken/Yunlin/17030065	
A/chicken/Yunlin/17040003	
A/chicken/Yunlin/17040004	
A/chicken/Yunlin/17040011	
A/chicken/Yunlin/17060019	
A/chicken/Yunlin/17070010	
A/chicken/Yunlin/18010001	
A/chicken/Yunlin/18010023	
A/chicken/Yunlin/18020003	
A/chicken/Yunlin/18020004	
A/chicken/Yunlin/18020005	
A/chicken/Yunlin/18020008	
A/chicken/Yunlin/18030002	
A/chicken/Yunlin/18050013	
A/chicken/Yunlin/18060001	
A/chicken/Yunlin/18080006	
A/chicken/Zhejiang/194/20	
A/chicken/Zhejiang/209/20	
A/chicken/Zhejiang/217/20	
A/chicken/Zhejiang/232/20	
A/chicken/Zhejiang/514135	
A/chicken/Zhejiang/727079	
A/chicken/Zhejiang/727159	
A/chicken/Zhejiang/7450/2	
A/chicken/Zhejiang/81643/	
A/duck/Changhua/15A03431-	
A/duck/Changhua/15A03473-	
A/duck/China/YD1516/2016_	
A/duck/Eastern_China/1111	
A/duck/Eastern_China/L023	
A/duck/Eastern_China/L032	
A/duck/Eastern_China/S013	
A/duck/Eastern_China/S080	
A/duck/Hebei/0908/2009_H5	
A/duck/Hong_Kong/342/1978	
A/duck/Hsinchu/15020216/2	
A/duck/Hubei/SZY250/2016_	
A/duck/Hunan/S4101/2011_H	
A/duck/Hunan/S4120/2011_H	
A/duck/Jiangsu/m234/2012_	
A/duck/Kaohsiung/15010213	
A/duck/Nantou/15A3437/201	
A/duck/Nantou/17A0243/201	
A/duck/Pingtung/15010444/	
A/duck/Pingtung/17A0160/2	
A/duck/Pingtung/18A00003-	
A/duck/Pingtung/18A00076-	
A/duck/Pingtung/18X00077/	
A/duck/Taichung/15010400-	
A/duck/Tainan/16010020-1/	
A/duck/Taipei/05WB830-1-5	
A/duck/Taiwan/01006/2015_	
A/duck/Taiwan/11213/2013_	
A/duck/Taiwan/11254/2013_	
A/duck/Taiwan/DV1238/2009	
A/duck/Taiwan/DV1241/2009	
A/duck/Taiwan/DV1242/2009	
A/duck/Taoyuan/16010023-1	
A/duck/Yilan/17A0092/2017	
A/duck/Yunlin/15010244-1/	
A/duck/Yunlin/15010310-4/	
A/duck/Yunlin/15010318-2/	
A/duck/Yunlin/15010369-1/	
A/duck/Yunlin/15070002-2/	
A/duck/Yunlin/15A5019/201	
A/duck/Yunlin/17110001/20	
A/duck/Yunlin/17A0086/201	
A/duck/Yunlin/17A0686/201	
A/duck/Yunlin/18060007-3/	
A/duck/Yunlin/18X00007-3/	
A/duck/Zhejiang/1026109/2	
A/duck/Zhejiang/6DK19/201	
A/duck/Zhejiang/727041/20	
A/duck/Zhejiang/77138/201	
A/goose/Changhua/15040008	
A/goose/Chiayi/15010008-3	
A/goose/Chiayi/15010016-1	
A/goose/Chiayi/16010017-2	
A/goose/Chiayi/16040003-1	
A/goose/Chiayi/16040005/2	
A/goose/Chiayi/17020027-1	
A/goose/Chiayi/17040014/2	
A/goose/Chiayi/18010006/2	
A/goose/Chiayi/18020014-1	
A/goose/Chiayi/18020014-2	
A/goose/China/1106/2016_H	
A/goose/Eastern_China/111	
A/goose/Pingtung/15010007	
A/goose/Pingtung/15010037	
A/goose/Tainan/17030022-1	
A/goose/Tainan/17030024-1	
A/goose/Tainan/18010022-1	
A/goose/Tainan/18050014-1	
A/goose/Taiwan/01022/2015	
A/goose/Taiwan/01023/2015	
A/goose/Taiwan/01031/2015	
A/goose/Taiwan/01040/2015	
A/goose/Taoyuan/18120002-	
A/goose/Yunlin/15010005/2	
A/goose/Yunlin/15010009-1	
A/goose/Yunlin/15010010-2	
A/goose/Yunlin/15010011-1	
A/goose/Yunlin/15010029-1	
A/goose/Yunlin/16020008-4	
A/goose/Yunlin/16020011-1	
A/goose/Yunlin/16040002-2	
A/goose/Yunlin/17100005/2	
A/goose/Yunlin/18030020-2	
A/goose/Yunlin/18030020-3	
A/goose/Yunlin/18040002-3	
A/goose/Yunlin/18040018-2	
A/goose/Yunlin/18090002-3	
A/goose/Yunlin/18090006-1	
A/goose/Yunlin/18110002-3	
A/goose/Zhejiang/77166/20	
A/goose/Zhejiang/77167/20	
A/goose/Zhejiang/77168/20	
A/green-winged_teal/Xiang	
A/heron/Yilan/17DB0001/20	
A/little_grebe/Xianghai/4	
A/night_heron/Taiwan/A289	
A/parrot/Guangdong/258/20	
A/spot-billed_duck/Xiangh	
A/thrush/Taipei_City/1512	
A/thrush/Taiwan/A234/2015	
A/turkey/Changhua/1601001	
A/turkey/Chiayi/18010013-	
A/turkey/Yunlin/15060049-	
A/turkey/Yunlin/18020020-	
A/turkey/Yunlin/18110001-	
A/turkey/Yunlin/18120005-	
A/chicken/Beijing/BJ7/201	
A/chicken/CH/a556/2015|EP	
A/chicken/Changhua/150101	
A/chicken/Changhua/150102	
A/chicken/Changhua/150103	
A/chicken/Changhua/150103	
A/chicken/Changhua/150103	
A/chicken/Changhua/150103	
A/chicken/Changhua/150500	
A/chicken/Changhua/150600	
A/chicken/Changhua/150600	
A/chicken/Changhua/151200	
A/chicken/Changhua/160100	
A/chicken/Changhua/170600	
A/chicken/Changhua/180400	
A/chicken/Chiayi/15010287	
A/chicken/Chiayi/15010409	
A/chicken/Chiayi/17040009	
A/chicken/Chiayi/18120003	
A/chicken/Chiping/0321/20	
A/chicken/GY/a451/2015|EP	
A/chicken/Hebei/3/2013|EP	
A/chicken/Heilongjiang/S7	
A/chicken/Henan/Q7/2013|E	
A/chicken/Hsinchu/1608000	
A/chicken/Jiangsu/1001/20	
A/chicken/Jiangsu/XZ216/2	
A/chicken/Kaohsiung/17040	
A/chicken/Kaohsiung/17100	
A/chicken/Kaohsiung/18080	
A/chicken/Kaohsiung/18080	
A/chicken/New_Taipei_City	
A/chicken/New_Taipei_City	
A/chicken/PH/A2821/2013|E	
A/chicken/Pingtung/150500	
A/chicken/Pingtung/160200	
A/chicken/Pingtung/180100	
A/chicken/Pingtung/180200	
A/chicken/PT/a158/2015|EP	
A/chicken/Qingdao/1/2014|	
A/chicken/SC/a688/2015|EP	
A/chicken/Shandong/S3/201	
A/chicken/Shijiazhuang/12	
A/chicken/Taichung/150103	
A/chicken/Taichung/160400	
A/chicken/Taichung/160500	
A/chicken/Tainan/16040035	
A/chicken/Taipei_City/180	
A/chicken/Taipei_City/180	
A/chicken/Taiwan/0101/201	
A/chicken/Taiwan/0502/201	
A/chicken/Taiwan/683/2012	
A/chicken/Taiwan/1682/201	
A/chicken/Taiwan/1692/201	
A/chicken/Taiwan/1704/201	
A/chicken/Taiwan/1711/201	
A/chicken/Taiwan/2593/201	
A/chicken/Taiwan/2948/201	
A/chicken/Taiwan/4443/201	
A/chicken/Taiwan/7350/201	
A/chicken/Taiwan/8988/201	
A/chicken/Taiwan/8994/201	
A/chicken/Taiwan/8996/201	
A/chicken/Taiwan/A1/2019|	
A/chicken/Taiwan/A1997/20	
A/chicken/Taiwan/D2/2019|	
A/chicken/Taiwan/D9/2019|	
A/chicken/Taiwan/u7/2016|	
A/chicken/TC/a504/2015|EP	
A/chicken/TY/a665/2015|EP	
A/chicken/YL/A3190/2014|E	
A/chicken/Yunlin/15020048	
A/chicken/Yunlin/15040002	
A/chicken/Yunlin/15040027	
A/chicken/Yunlin/15050037	
A/chicken/Yunlin/15050039	
A/chicken/Yunlin/15060014	
A/chicken/Yunlin/15080024	
A/chicken/Yunlin/16010001	
A/chicken/Yunlin/16010008	
A/chicken/Yunlin/16050053	
A/chicken/Yunlin/17010014	
A/chicken/Yunlin/17020094	
A/chicken/Yunlin/17020095	
A/chicken/Yunlin/17030001	
A/chicken/Yunlin/17030007	
A/chicken/Yunlin/17030010	
A/chicken/Yunlin/17030014	
A/chicken/Yunlin/17030020	
A/chicken/Yunlin/17030021	
A/chicken/Yunlin/17030032	
A/chicken/Yunlin/17030065	
A/chicken/Yunlin/17040003	
A/chicken/Yunlin/17040004	
A/chicken/Yunlin/17040011	
A/chicken/Yunlin/17060019	
A/chicken/Yunlin/17070010	
A/chicken/Yunlin/18010001	
A/chicken/Yunlin/18010003	
A/chicken/Yunlin/18010023	
A/chicken/Yunlin/18020003	
A/chicken/Yunlin/18020004	
A/chicken/Yunlin/18020005	
A/chicken/Yunlin/18020008	
A/chicken/Yunlin/18030002	
A/chicken/Yunlin/18050013	
A/chicken/Yunlin/18060001	
A/chicken/Yunlin/18080006	
A/chicken/Zhejiang/194/20	
A/chicken/Zhejiang/209/20	
A/chicken/Zhejiang/217/20	
A/chicken/Zhejiang/232/20	
A/chicken/Zhejiang/7450/2	
A/chicken/Zhejiang/81643/	
A/chicken/Zhejiang/514135	
A/chicken/Zhejiang/727079	
A/chicken/Zhejiang/727159	
A/duck/Changhua/15A03431-	
A/duck/Changhua/15A03473-	
A/duck/China/YD1516/2016|	
A/duck/Eastern_China/L023	
A/duck/Eastern_China/L032	
A/duck/Eastern_China/S013	
A/duck/Eastern_China/S080	
A/duck/Hebei/3/2011|EPI_I	
A/duck/Hsinchu/15020216/2	
A/duck/Hubei/03.06__WHWTZ	
A/duck/Hubei/SZY250/2016|	
A/duck/Hunan/S4101/2011|E	
A/duck/Hunan/S4120/2011|E	
A/duck/Jiangsu/m234/2012|	
A/duck/Kaohsiung/15010213	
A/duck/Nantou/15A3437/201	
A/duck/Nantou/17A0243/201	
A/duck/Pingtung/17A0160/2	
A/duck/Pingtung/18A00003-	
A/duck/Pingtung/18A00076-	
A/duck/Pingtung/18X00077/	
A/duck/Pingtung/15010444/	
A/duck/Taichung/15010400-	
A/duck/Tainan/16010024-1/	
A/duck/Taipei/05WB830-1-5	
A/duck/Taiwan/01006/2015|	
A/duck/Taiwan/11213/2013|	
A/duck/Taiwan/11254/2013|	
A/duck/Taiwan/a043/2015|E	
A/duck/Taiwan/DV1238/2009	
A/duck/Taiwan/DV1241/2009	
A/duck/Taiwan/DV1242/2009	
A/duck/Taoyuan/16010023-1	
A/duck/Yilan/17A0092/2017	
A/duck/Yunlin/15A5019/201	
A/duck/Yunlin/17A0086/201	
A/duck/Yunlin/17A0686/201	
A/duck/Yunlin/18X00007-3/	
A/duck/Yunlin/15010244-1/	
A/duck/Yunlin/15010310-4/	
A/duck/Yunlin/15010318-2/	
A/duck/Yunlin/15010369-1/	
A/duck/Yunlin/15070002-2/	
A/duck/Yunlin/17110001/20	
A/duck/Yunlin/18060007-3/	
A/duck/Zhejiang/77138/201	
A/duck/Zhejiang/727041/20	
A/duck/Zhejiang/1026109/2	
A/Environment/Shandong/WS	
A/Environment/Shandong/WS	
A/Environment/Shandong/WS	
A/goose/Changhua/15040008	
A/goose/Chiayi/15010008-3	
A/goose/Chiayi/15010016-1	
A/goose/Chiayi/16010017-2	
A/goose/Chiayi/16040003-1	
A/goose/Chiayi/16040005/2	
A/goose/Chiayi/17020027-1	
A/goose/Chiayi/17040014/2	
A/goose/Chiayi/18010006/2	
A/goose/Chiayi/18020014-2	
A/goose/China/1106/2016|E	
A/goose/Pingtung/15010007	
A/goose/Pingtung/15010037	
A/goose/Shandong/01.01_JY	
A/goose/Shandong/01.07_JQ	
A/goose/Shandong/04.22_GT	
A/goose/Tainan/17030022-1	
A/goose/Tainan/17030024-1	
A/goose/Tainan/18010022-1	
A/goose/Tainan/18050014-1	
A/goose/Taiwan/01022/2015	
A/goose/Taiwan/01023/2015	
A/goose/Taiwan/01031/2015	
A/goose/Taiwan/01040/2015	
A/goose/Taoyuan/18120002-	
A/goose/Yunlin/15010005/2	
A/goose/Yunlin/15010009-1	
A/goose/Yunlin/15010010-2	
A/goose/Yunlin/15010011-1	
A/goose/Yunlin/16020008-4	
A/goose/Yunlin/16020011-1	
A/goose/Yunlin/16040002-2	
A/goose/Yunlin/17100005/2	
A/goose/Yunlin/18030020-2	
A/goose/Yunlin/18030020-3	
A/goose/Yunlin/18040002-3	
A/goose/Yunlin/18040018-2	
A/goose/Yunlin/18090002-3	
A/goose/Yunlin/18090006-1	
A/goose/Yunlin/18110002-3	
A/goose/Zhejiang/77166/20	
A/goose/Zhejiang/77167/20	
A/goose/Zhejiang/77168/20	
A/heron/Taiwan/17DB0001/2	
A/parrot/Guangdong/258/20	
A/Pigeon/Shandong/WS17/20	
A/Taiwan/DV413/2006|EPI_I	
A/Taiwan/DV518/2006|EPI_I	
A/thrush/Taiwan/15120021/	
A/turkey/Changhua/1601001	
A/turkey/Chiayi/18010013-	
A/turkey/Yunlin/15060049-	
A/turkey/Yunlin/18020020-	
A/turkey/Yunlin/18110001-	
A/turkey/Yunlin/18120005-	
A/whooper_swan/Henan/T578	
A/whooper_swan/Henan/T874	
A/whooper_swan/Henan/T880	
A/whooper_swan/Henan/T886	
A/whooper_swan/Henan/T888	
A/whooper_swan/Henan/Y120	
A/whooper_swan/Shanxi/SX1	
A/wildfowl/China/472/2014	
A/Taiwan/DV413/2006_H5N2|	
A/Taiwan/DV518/2006_H5N2|	
A/baikal_teal/Xianghai/42	
A/canvasback/Xianghai/428	
A/chicken/Beijing/BJ7/201	
A/chicken/CH/a556/2015_H5	
A/chicken/Changhua/150101	
A/chicken/Changhua/150102	
A/chicken/Changhua/150103	
A/chicken/Changhua/150103	
A/chicken/Changhua/150103	
A/chicken/Changhua/150103	
A/chicken/Changhua/150500	
A/chicken/Changhua/150600	
A/chicken/Changhua/150600	
A/chicken/Changhua/151200	
A/chicken/Changhua/160100	
A/chicken/Changhua/170600	
A/chicken/Changhua/180400	
A/chicken/Chiayi/15010287	
A/chicken/Chiayi/15010409	
A/chicken/Chiayi/17040009	
A/chicken/Chiayi/18120003	
A/chicken/Chiping/0321/20	
A/chicken/Eastern_China/H	
A/chicken/Eastern_China/Q	
A/chicken/GY/a451/2015_H5	
A/chicken/Hebei/1102-MA/2	
A/chicken/Hebei/1102/2010	
A/chicken/Hebei/3/2013_H5	
A/chicken/Heilongjiang/S7	
A/chicken/Henan/Q7/2013_H	
A/chicken/Hsinchu/1608000	
A/chicken/Jiangsu/1001/20	
A/chicken/Jiangsu/XZ216/2	
A/chicken/Kaohsiung/17040	
A/chicken/Kaohsiung/17100	
A/chicken/Kaohsiung/18080	
A/chicken/Kaohsiung/18080	
A/chicken/New_Taipei_City	
A/chicken/New_Taipei_City	
A/chicken/PH/A2821/2013_H	
A/chicken/PT/a158/2015_H5	
A/chicken/Pingtung/150500	
A/chicken/Pingtung/160200	
A/chicken/Pingtung/180100	
A/chicken/Pingtung/180200	
A/chicken/Qingdao/1/2014_	
A/chicken/SC/a688/2015_H5	
A/chicken/Shandong/S3/201	
A/chicken/Shijiazhuang/12	
A/chicken/TC/a504/2015_H5	
A/chicken/TY/a665/2015_H5	
A/chicken/Taichung/150103	
A/chicken/Taichung/160400	
A/chicken/Taichung/160500	
A/chicken/Tainan/16040035	
A/chicken/Taipei_City/180	
A/chicken/Taipei_City/180	
A/chicken/Taiwan/0101/201	
A/chicken/Taiwan/0502/201	
A/chicken/Taiwan/1682/201	
A/chicken/Taiwan/1692/201	
A/chicken/Taiwan/1704/201	
A/chicken/Taiwan/1711/201	
A/chicken/Taiwan/2593/201	
A/chicken/Taiwan/2948/201	
A/chicken/Taiwan/4443/201	
A/chicken/Taiwan/683/2012	
A/chicken/Taiwan/7350/201	
A/chicken/Taiwan/8988/201	
A/chicken/Taiwan/8994/201	
A/chicken/Taiwan/8996/201	
A/chicken/Taiwan/A1/2019_	
A/chicken/Taiwan/A1997/20	
A/chicken/Taiwan/D2/2019_	
A/chicken/Taiwan/D9/2019_	
A/chicken/Tibet/LZ01/2010	
A/chicken/Wuhan/WHJF/2014	
A/chicken/YL/A3190/2014_H	
A/chicken/Yunlin/15020048	
A/chicken/Yunlin/15040002	
A/chicken/Yunlin/15040027	
A/chicken/Yunlin/15050037	
A/chicken/Yunlin/15050039	
A/chicken/Yunlin/15060014	
A/chicken/Yunlin/15080024	
A/chicken/Yunlin/16010001	
A/chicken/Yunlin/16010008	
A/chicken/Yunlin/16050053	
A/chicken/Yunlin/17010014	
A/chicken/Yunlin/17020094	
A/chicken/Yunlin/17020095	
A/chicken/Yunlin/17030001	
A/chicken/Yunlin/17030007	
A/chicken/Yunlin/17030010	
A/chicken/Yunlin/17030014	
A/chicken/Yunlin/17030020	
A/chicken/Yunlin/17030021	
A/chicken/Yunlin/17030032	
A/chicken/Yunlin/17030065	
A/chicken/Yunlin/17040003	
A/chicken/Yunlin/17040004	
A/chicken/Yunlin/17040011	
A/chicken/Yunlin/17060019	
A/chicken/Yunlin/17070010	
A/chicken/Yunlin/18010001	
A/chicken/Yunlin/18010023	
A/chicken/Yunlin/18020003	
A/chicken/Yunlin/18020004	
A/chicken/Yunlin/18020005	
A/chicken/Yunlin/18020008	
A/chicken/Yunlin/18030002	
A/chicken/Yunlin/18050013	
A/chicken/Yunlin/18060001	
A/chicken/Yunlin/18080006	
A/chicken/Zhejiang/194/20	
A/chicken/Zhejiang/209/20	
A/chicken/Zhejiang/217/20	
A/chicken/Zhejiang/232/20	
A/chicken/Zhejiang/514135	
A/chicken/Zhejiang/727079	
A/chicken/Zhejiang/727159	
A/chicken/Zhejiang/7450/2	
A/chicken/Zhejiang/81643/	
A/duck/Changhua/15A03431-	
A/duck/Changhua/15A03473-	
A/duck/China/YD1516/2016_	
A/duck/Eastern_China/1111	
A/duck/Eastern_China/L023	
A/duck/Eastern_China/L032	
A/duck/Eastern_China/S013	
A/duck/Eastern_China/S080	
A/duck/Hebei/0908/2009_H5	
A/duck/Hong_Kong/342/1978	
A/duck/Hsinchu/15020216/2	
A/duck/Hubei/SZY250/2016_	
A/duck/Hunan/S4101/2011_H	
A/duck/Hunan/S4120/2011_H	
A/duck/Jiangsu/m234/2012_	
A/duck/Kaohsiung/15010213	
A/duck/Nantou/15A3437/201	
A/duck/Nantou/17A0243/201	
A/duck/Pingtung/15010444/	
A/duck/Pingtung/17A0160/2	
A/duck/Pingtung/18A00003-	
A/duck/Pingtung/18A00076-	
A/duck/Pingtung/18X00077/	
A/duck/Taichung/15010400-	
A/duck/Tainan/16010020-1/	
A/duck/Taipei/05WB830-1-5	
A/duck/Taiwan/01006/2015_	
A/duck/Taiwan/11213/2013_	
A/duck/Taiwan/11254/2013_	
A/duck/Taiwan/DV1238/2009	
A/duck/Taiwan/DV1241/2009	
A/duck/Taiwan/DV1242/2009	
A/duck/Taoyuan/16010023-1	
A/duck/Yilan/17A0092/2017	
A/duck/Yunlin/15010244-1/	
A/duck/Yunlin/15010310-4/	
A/duck/Yunlin/15010318-2/	
A/duck/Yunlin/15010369-1/	
A/duck/Yunlin/15070002-2/	
A/duck/Yunlin/15A5019/201	
A/duck/Yunlin/17110001/20	
A/duck/Yunlin/17A0086/201	
A/duck/Yunlin/17A0686/201	
A/duck/Yunlin/18060007-3/	
A/duck/Yunlin/18X00007-3/	
A/duck/Zhejiang/1026109/2	
A/duck/Zhejiang/6DK19/201	
A/duck/Zhejiang/727041/20	
A/duck/Zhejiang/77138/201	
A/goose/Changhua/15040008	
A/goose/Chiayi/15010008-3	
A/goose/Chiayi/15010016-1	
A/goose/Chiayi/16010017-2	
A/goose/Chiayi/16040003-1	
A/goose/Chiayi/16040005/2	
A/goose/Chiayi/17020027-1	
A/goose/Chiayi/17040014/2	
A/goose/Chiayi/18010006/2	
A/goose/Chiayi/18020014-1	
A/goose/Chiayi/18020014-2	
A/goose/China/1106/2016_H	
A/goose/Eastern_China/111	
A/goose/Pingtung/15010007	
A/goose/Pingtung/15010037	
A/goose/Tainan/17030022-1	
A/goose/Tainan/17030024-1	
A/goose/Tainan/18010022-1	
A/goose/Tainan/18050014-1	
A/goose/Taiwan/01022/2015	
A/goose/Taiwan/01023/2015	
A/goose/Taiwan/01031/2015	
A/goose/Taiwan/01040/2015	
A/goose/Taoyuan/18120002-	
A/goose/Yunlin/15010005/2	
A/goose/Yunlin/15010009-1	
A/goose/Yunlin/15010010-2	
A/goose/Yunlin/15010011-1	
A/goose/Yunlin/15010029-1	
A/goose/Yunlin/16020008-4	
A/goose/Yunlin/16020011-1	
A/goose/Yunlin/16040002-2	
A/goose/Yunlin/17100005/2	
A/goose/Yunlin/18030020-2	
A/goose/Yunlin/18030020-3	
A/goose/Yunlin/18040002-3	
A/goose/Yunlin/18040018-2	
A/goose/Yunlin/18090002-3	
A/goose/Yunlin/18090006-1	
A/goose/Yunlin/18110002-3	
A/goose/Zhejiang/77166/20	
A/goose/Zhejiang/77167/20	
A/goose/Zhejiang/77168/20	
A/green-winged_teal/Xiang	
A/heron/Yilan/17DB0001/20	
A/little_grebe/Xianghai/4	
A/night_heron/Taiwan/A289	
A/parrot/Guangdong/258/20	
A/spot-billed_duck/Xiangh	
A/thrush/Taipei_City/1512	
A/thrush/Taiwan/A234/2015	
A/turkey/Changhua/1601001	
A/turkey/Chiayi/18010013-	
A/turkey/Yunlin/15060049-	
A/turkey/Yunlin/18020020-	
A/turkey/Yunlin/18110001-	
A/turkey/Yunlin/18120005-	
